<html>
<body>
<pre>
<h1>µVision Build Log</h1>
<h2>Tool Versions:</h2>
IDE-Version: ¦ÌVision V5.29.0.0
Copyright (C) 2019 ARM Ltd and ARM Germany GmbH. All rights reserved.
License Information: A AA, AAA, LIC=BL22Z-JA1WJ-344ST-RA00K-CELBK-7AHBQ
 
Tool Versions:
Toolchain:       MDK-ARM Professional  Version: 5.29.0.0
Toolchain Path:  D:\Program Files (x86)\KEIL\ARM\ARMCC\Bin
C Compiler:      Armcc.exe V5.06 update 6 (build 750)
Assembler:       Armasm.exe V5.06 update 6 (build 750)
Linker/Locator:  ArmLink.exe V5.06 update 6 (build 750)
Library Manager: ArmAr.exe V5.06 update 6 (build 750)
Hex Converter:   FromElf.exe V5.06 update 6 (build 750)
CPU DLL:         SARMCM3.DLL V5.29.0.0
Dialog DLL:      DCM.DLL V1.17.3.0
Target DLL:      STLink\ST-LINKIII-KEIL_SWO.dll V3.0.7.0
Dialog DLL:      TCM.DLL V1.36.5.0
 
<h2>Project:</h2>
D:\×ÀÃæÎÄµµ\F767_ETH\MDK-ARM\F767.uvprojx
Project File Date:  07/05/2020

<h2>Output:</h2>
*** Using Compiler 'V5.06 update 6 (build 750)', folder: 'D:\Program Files (x86)\KEIL\ARM\ARMCC\Bin'
Build target 'F767'
assembling startup_stm32f767xx.s...
compiling main.c...
compiling usb_otg.c...
compiling stm32f7xx_hal_msp.c...
compiling lwip.c...
compiling usart.c...
compiling stm32f7xx_hal_tim.c...
compiling stm32f7xx_hal_tim_ex.c...
compiling gpio.c...
compiling stm32f7xx_it.c...
compiling stm32f7xx_hal_cortex.c...
compiling ethernetif.c...
compiling stm32f7xx_hal_eth.c...
compiling stm32f7xx_hal_uart_ex.c...
compiling stm32f7xx_hal_pcd_ex.c...
compiling stm32f7xx_hal_uart.c...
compiling stm32f7xx_hal_flash.c...
compiling stm32f7xx_hal_pcd.c...
compiling stm32f7xx_hal_flash_ex.c...
compiling stm32f7xx_hal_gpio.c...
compiling stm32f7xx_hal_rcc.c...
compiling stm32f7xx_hal_dma.c...
compiling stm32f7xx_hal_rcc_ex.c...
compiling stm32f7xx_ll_usb.c...
compiling stm32f7xx_hal_dma_ex.c...
compiling stm32f7xx_hal_pwr.c...
compiling stm32f7xx_hal_pwr_ex.c...
compiling stm32f7xx_hal_i2c_ex.c...
compiling stm32f7xx_hal.c...
compiling system_stm32f7xx.c...
compiling stm32f7xx_hal_exti.c...
compiling auth.c...
compiling ccp.c...
compiling chap_ms.c...
compiling chap-md5.c...
compiling chap-new.c...
compiling demand.c...
compiling eap.c...
compiling fsm.c...
compiling ipcp.c...
compiling stm32f7xx_hal_i2c.c...
compiling lcp.c...
compiling ipv6cp.c...
compiling eui64.c...
compiling magic.c...
compiling ppp.c...
compiling mppe.c...
compiling multilink.c...
compiling pppapi.c...
compiling pppcrypt.c...
compiling pppoe.c...
compiling vj.c...
compiling upap.c...
compiling utils.c...
compiling pppol2tp.c...
compiling pppos.c...
compiling ethernet.c...
compiling lowpan6.c...
compiling api_lib.c...
compiling api_msg.c...
compiling ecp.c...
compiling slipif.c...
compiling err.c...
compiling netdb.c...
compiling netifapi.c...
compiling netbuf.c...
compiling sockets.c...
compiling tcpip.c...
compiling dns.c...
compiling ip.c...
compiling def.c...
compiling init.c...
compiling inet_chksum.c...
compiling mem.c...
compiling memp.c...
compiling raw.c...
compiling stats.c...
compiling sys.c...
compiling netif.c...
compiling pbuf.c...
compiling autoip.c...
compiling dhcp.c...
compiling timeouts.c...
compiling udp.c...
compiling tcp.c...
compiling tcp_out.c...
compiling icmp.c...
compiling igmp.c...
compiling etharp.c...
compiling tcp_in.c...
compiling ip4.c...
compiling ip4_addr.c...
compiling dhcp6.c...
compiling ethip6.c...
compiling icmp6.c...
compiling ip4_frag.c...
compiling inet6.c...
compiling ip6.c...
compiling ip6_addr.c...
compiling ip6_frag.c...
compiling mld6.c...
compiling nd6.c...
compiling printf.c...
compiling stm32_test.c...
compiling led.c...
compiling tcp_client.c...
compiling app.c...
compiling mqtt.c...
linking...
Program Size: Code=41908 RO-data=1104 RW-data=216 ZI-data=28608  
FromELF: creating hex file...
"F767\F767.axf" - 0 Error(s), 0 Warning(s).

<h2>Software Packages used:</h2>

Package Vendor: Keil
                http://www.keil.com/pack/Keil.STM32F7xx_DFP.2.11.0.pack
                Keil.STM32F7xx_DFP.2.11.0
                STMicroelectronics STM32F7 Series Device Support, Drivers and Examples

<h2>Collection of Component include folders:</h2>
  .\RTE\_F767
  D:\Program Files (x86)\KEIL\ARM\PACK\Keil\STM32F7xx_DFP\2.11.0\Drivers\CMSIS\Device\ST\STM32F7xx\Include

<h2>Collection of Component Files used:</h2>
Build Time Elapsed:  00:00:08
</pre>
</body>
</html>
