<html>
<body>
<pre>
<h1>µVision Build Log</h1>
<h2>Tool Versions:</h2>
IDE-Version: ¦ÌVision V5.27.1.0
Copyright (C) 2019 ARM Ltd and ARM Germany GmbH. All rights reserved.
License Information: A AA, AAA, LIC=NHY30-BEJWY-ILKCB-2TK84-LF284-81ISS
 
Tool Versions:
Toolchain:       MDK-ARM Professional  Version: 5.27.1.0
Toolchain Path:  C:\Keil_v5\ARM\ARMCC\Bin
C Compiler:      Armcc.exe V5.06 update 6 (build 750)
Assembler:       Armasm.exe V5.06 update 6 (build 750)
Linker/Locator:  ArmLink.exe V5.06 update 6 (build 750)
Library Manager: ArmAr.exe V5.06 update 6 (build 750)
Hex Converter:   FromElf.exe V5.06 update 6 (build 750)
CPU DLL:         SARMCM3.DLL V5.27.1.0
Dialog DLL:      DCM.DLL V1.17.2.0
Target DLL:      STLink\ST-LINKIII-KEIL_SWO.dll V3.0.6.0
Dialog DLL:      TCM.DLL V1.36.1.0
 
<h2>Project:</h2>
D:\FYF\GitHub\01MyCode\F767_RTOS_LWIP\MDK-ARM\F767_ETH0711.uvprojx
Project File Date:  07/20/2020

<h2>Output:</h2>
*** Using Compiler 'V5.06 update 6 (build 750)', folder: 'C:\Keil_v5\ARM\ARMCC\Bin'
Build target 'F767_ETH0711'
assembling startup_stm32f767xx.s...
compiling dma.c...
compiling stm32f7xx_hal_msp.c...
compiling usb_otg.c...
compiling gpio.c...
compiling stm32f7xx_hal_eth.c...
compiling usart.c...
compiling freertos.c...
compiling ethernetif.c...
compiling lwip.c...
compiling main.c...
compiling stm32f7xx_it.c...
compiling stm32f7xx_hal_rcc.c...
compiling stm32f7xx_hal_pwr.c...
compiling stm32f7xx_hal_flash_ex.c...
compiling stm32f7xx_hal_rcc_ex.c...
compiling stm32f7xx_hal_dma.c...
compiling stm32f7xx_hal_flash.c...
compiling stm32f7xx_hal_gpio.c...
compiling stm32f7xx_hal_cortex.c...
compiling stm32f7xx_hal.c...
compiling stm32f7xx_hal_pwr_ex.c...
compiling stm32f7xx_hal_i2c_ex.c...
compiling stm32f7xx_hal_dma_ex.c...
compiling croutine.c...
compiling stm32f7xx_hal_i2c.c...
compiling event_groups.c...
compiling stm32f7xx_hal_exti.c...
compiling list.c...
compiling stm32f7xx_hal_tim_ex.c...
compiling stm32f7xx_hal_tim.c...
compiling stm32f7xx_hal_uart_ex.c...
compiling system_stm32f7xx.c...
compiling queue.c...
compiling stream_buffer.c...
compiling stm32f7xx_hal_pcd_ex.c...
compiling stm32f7xx_hal_uart.c...
compiling stm32f7xx_hal_pcd.c...
compiling stm32f7xx_ll_usb.c...
compiling heap_4.c...
compiling timers.c...
compiling tasks.c...
compiling port.c...
compiling chap-new.c...
compiling ccp.c...
compiling chap_ms.c...
compiling auth.c...
compiling demand.c...
compiling chap-md5.c...
compiling cmsis_os2.c...
compiling fsm.c...
compiling eui64.c...
compiling eap.c...
compiling ipcp.c...
compiling ipv6cp.c...
compiling pppos.c...
compiling mppe.c...
compiling lcp.c...
compiling magic.c...
compiling pppapi.c...
compiling multilink.c...
compiling pppcrypt.c...
compiling pppol2tp.c...
compiling pppoe.c...
compiling ppp.c...
compiling upap.c...
compiling utils.c...
compiling vj.c...
compiling lowpan6.c...
compiling lowpan6_ble.c...
compiling ethernet.c...
compiling zepif.c...
compiling lowpan6_common.c...
compiling bridgeif.c...
compiling ecp.c...
compiling bridgeif_fdb.c...
compiling slipif.c...
compiling api_lib.c...
compiling api_msg.c...
compiling err.c...
compiling netifapi.c...
compiling if_api.c...
compiling altcp.c...
compiling altcp_alloc.c...
compiling netbuf.c...
compiling altcp_tcp.c...
compiling netdb.c...
compiling def.c...
compiling tcpip.c...
compiling dns.c...
compiling inet_chksum.c...
compiling sockets.c...
compiling ip.c...
compiling init.c...
compiling raw.c...
compiling stats.c...
compiling mem.c...
compiling sys.c...
compiling memp.c...
compiling netif.c...
compiling pbuf.c...
compiling tcp.c...
compiling autoip.c...
compiling tcp_out.c...
compiling icmp.c...
compiling timeouts.c...
compiling tcp_in.c...
compiling udp.c...
compiling igmp.c...
compiling ip4_addr.c...
compiling etharp.c...
compiling ip4.c...
compiling dhcp.c...
compiling dhcp6.c...
compiling inet6.c...
compiling ethip6.c...
compiling icmp6.c...
compiling ip6.c...
compiling ip4_frag.c...
compiling mld6.c...
compiling ip6_addr.c...
compiling ip6_frag.c...
compiling nd6.c...
compiling MQTTConnectServer.c...
compiling MQTTConnectClient.c...
compiling sys_arch.c...
compiling MQTTDeserializePublish.c...
compiling MQTTFormat.c...
compiling MQTTSubscribeClient.c...
compiling MQTTSerializePublish.c...
compiling MQTTSubscribeServer.c...
compiling MQTTPacket.c...
compiling MQTTUnsubscribeClient.c...
compiling MQTTUnsubscribeServer.c...
compiling kfifo.c...
compiling printf.c...
compiling mqtt.c...
compiling tool.c...
compiling tcp_client.c...
compiling cJSON.c...
compiling transport.c...
compiling cJSON_Process.c...
compiling mqttclient.c...
linking...
Program Size: Code=114268 RO-data=1768 RW-data=536 ZI-data=57736  
FromELF: creating hex file...
"F767_ETH0711\F767_ETH0711.axf" - 0 Error(s), 0 Warning(s).

<h2>Software Packages used:</h2>

Package Vendor: ARM
                http://www.keil.com/pack/ARM.CMSIS.5.7.0.pack
                ARM.CMSIS.5.7.0
                CMSIS (Cortex Microcontroller Software Interface Standard)
   * Component: CORE Version: 5.4.0

Package Vendor: Keil
                https://www.keil.com/pack/Keil.STM32F7xx_DFP.2.12.0.pack
                Keil.STM32F7xx_DFP.2.12.0
                STMicroelectronics STM32F7 Series Device Support, Drivers and Examples

<h2>Collection of Component include folders:</h2>
  .\RTE\_F767_ETH0711
  C:\Users\yufei.fan\AppData\Local\Arm\Packs\ARM\CMSIS\5.7.0\CMSIS\Core\Include
  C:\Users\yufei.fan\AppData\Local\Arm\Packs\Keil\STM32F7xx_DFP\2.12.0\Drivers\CMSIS\Device\ST\STM32F7xx\Include

<h2>Collection of Component Files used:</h2>

   * Component: ARM::CMSIS:CORE:5.4.0
Build Time Elapsed:  00:00:23
</pre>
</body>
</html>
