<!doctype html public "-//w3c//dtd html 4.0 transitional//en">
<html><head>
<title>Static Call Graph - [flexspi_nor_sdram_release\emwin_slide_show.out]</title></head>
<body><HR>
<H1>Static Call Graph for image flexspi_nor_sdram_release\emwin_slide_show.out</H1><HR>
<BR><P>#&#060CALLGRAPH&#062# ARM Linker, 6130100: Last Updated: Wed Oct 21 15:50:34 2020
<BR><P>
<H3>Maximum Stack Usage =        352 bytes + Unknown(Functions without stacksize, Cycles, Untraceable Function Pointers)</H3><H3>
Call chain for Maximum Stack Depth:</H3>
_cbWinPreview &rArr; GUI_SPLINE_Create &rArr; GUI_ALLOC_AllocNoInit &rArr; _Alloc &rArr; _RemoveHoles &rArr; memmove
<P>
<H3>
Functions with no stack information
</H3><UL>
 <LI><a href="#[12]">Reset_Handler</a>
 <LI><a href="#[97]">ACMP1_IRQHandler</a>
 <LI><a href="#[98]">ACMP2_IRQHandler</a>
 <LI><a href="#[99]">ACMP3_IRQHandler</a>
 <LI><a href="#[9a]">ACMP4_IRQHandler</a>
 <LI><a href="#[5f]">ADC1_IRQHandler</a>
 <LI><a href="#[60]">ADC2_IRQHandler</a>
 <LI><a href="#[95]">ADC_ETC_ERROR_IRQ_IRQHandler</a>
 <LI><a href="#[92]">ADC_ETC_IRQ0_IRQHandler</a>
 <LI><a href="#[93]">ADC_ETC_IRQ1_IRQHandler</a>
 <LI><a href="#[94]">ADC_ETC_IRQ2_IRQHandler</a>
 <LI><a href="#[53]">BEE_IRQHandler</a>
 <LI><a href="#[16]">BusFault_Handler</a>
 <LI><a href="#[de]">CAN1_DriverIRQHandler</a>
 <LI><a href="#[df]">CAN2_DriverIRQHandler</a>
 <LI><a href="#[ef]">CAN3_DriverIRQHandler</a>
 <LI><a href="#[7b]">CCM_1_IRQHandler</a>
 <LI><a href="#[7c]">CCM_2_IRQHandler</a>
 <LI><a href="#[2f]">CORE_IRQHandler</a>
 <LI><a href="#[47]">CSI_IRQHandler</a>
 <LI><a href="#[4d]">CSU_IRQHandler</a>
 <LI><a href="#[2d]">CTI0_ERROR_IRQHandler</a>
 <LI><a href="#[2e]">CTI1_ERROR_IRQHandler</a>
 <LI><a href="#[61]">DCDC_IRQHandler</a>
 <LI><a href="#[4e]">DCP_IRQHandler</a>
 <LI><a href="#[4f]">DCP_VMI_IRQHandler</a>
 <LI><a href="#[bd]">DMA0_DMA16_DriverIRQHandler</a>
 <LI><a href="#[c7]">DMA10_DMA26_DriverIRQHandler</a>
 <LI><a href="#[c8]">DMA11_DMA27_DriverIRQHandler</a>
 <LI><a href="#[c9]">DMA12_DMA28_DriverIRQHandler</a>
 <LI><a href="#[ca]">DMA13_DMA29_DriverIRQHandler</a>
 <LI><a href="#[cb]">DMA14_DMA30_DriverIRQHandler</a>
 <LI><a href="#[cc]">DMA15_DMA31_DriverIRQHandler</a>
 <LI><a href="#[be]">DMA1_DMA17_DriverIRQHandler</a>
 <LI><a href="#[bf]">DMA2_DMA18_DriverIRQHandler</a>
 <LI><a href="#[c0]">DMA3_DMA19_DriverIRQHandler</a>
 <LI><a href="#[c1]">DMA4_DMA20_DriverIRQHandler</a>
 <LI><a href="#[c2]">DMA5_DMA21_DriverIRQHandler</a>
 <LI><a href="#[c3]">DMA6_DMA22_DriverIRQHandler</a>
 <LI><a href="#[c4]">DMA7_DMA23_DriverIRQHandler</a>
 <LI><a href="#[c5]">DMA8_DMA24_DriverIRQHandler</a>
 <LI><a href="#[c6]">DMA9_DMA25_DriverIRQHandler</a>
 <LI><a href="#[cd]">DMA_ERROR_DriverIRQHandler</a>
 <LI><a href="#[19]">DebugMon_Handler</a>
 <LI><a href="#[11]">DefaultISR</a>
 <LI><a href="#[9d]">ENC1_IRQHandler</a>
 <LI><a href="#[9e]">ENC2_IRQHandler</a>
 <LI><a href="#[9f]">ENC3_IRQHandler</a>
 <LI><a href="#[a0]">ENC4_IRQHandler</a>
 <LI><a href="#[ee]">ENET2_1588_Timer_DriverIRQHandler</a>
 <LI><a href="#[ed]">ENET2_DriverIRQHandler</a>
 <LI><a href="#[ec]">ENET_1588_Timer_DriverIRQHandler</a>
 <LI><a href="#[eb]">ENET_DriverIRQHandler</a>
 <LI><a href="#[7a]">EWM_IRQHandler</a>
 <LI><a href="#[e5]">FLEXIO1_DriverIRQHandler</a>
 <LI><a href="#[e6]">FLEXIO2_DriverIRQHandler</a>
 <LI><a href="#[f0]">FLEXIO3_DriverIRQHandler</a>
 <LI><a href="#[42]">FLEXRAM_IRQHandler</a>
 <LI><a href="#[e7]">FLEXSPI2_DriverIRQHandler</a>
 <LI><a href="#[e8]">FLEXSPI_DriverIRQHandler</a>
 <LI><a href="#[7d]">GPC_IRQHandler</a>
 <LI><a href="#[6c]">GPIO1_Combined_0_15_IRQHandler</a>
 <LI><a href="#[6d]">GPIO1_Combined_16_31_IRQHandler</a>
 <LI><a href="#[64]">GPIO1_INT0_IRQHandler</a>
 <LI><a href="#[65]">GPIO1_INT1_IRQHandler</a>
 <LI><a href="#[66]">GPIO1_INT2_IRQHandler</a>
 <LI><a href="#[67]">GPIO1_INT3_IRQHandler</a>
 <LI><a href="#[68]">GPIO1_INT4_IRQHandler</a>
 <LI><a href="#[69]">GPIO1_INT5_IRQHandler</a>
 <LI><a href="#[6a]">GPIO1_INT6_IRQHandler</a>
 <LI><a href="#[6b]">GPIO1_INT7_IRQHandler</a>
 <LI><a href="#[6e]">GPIO2_Combined_0_15_IRQHandler</a>
 <LI><a href="#[6f]">GPIO2_Combined_16_31_IRQHandler</a>
 <LI><a href="#[70]">GPIO3_Combined_0_15_IRQHandler</a>
 <LI><a href="#[71]">GPIO3_Combined_16_31_IRQHandler</a>
 <LI><a href="#[72]">GPIO4_Combined_0_15_IRQHandler</a>
 <LI><a href="#[73]">GPIO4_Combined_16_31_IRQHandler</a>
 <LI><a href="#[74]">GPIO5_Combined_0_15_IRQHandler</a>
 <LI><a href="#[75]">GPIO5_Combined_16_31_IRQHandler</a>
 <LI><a href="#[b9]">GPIO6_7_8_9_IRQHandler</a>
 <LI><a href="#[45]">GPR_IRQ_IRQHandler</a>
 <LI><a href="#[80]">GPT1_IRQHandler</a>
 <LI><a href="#[81]">GPT2_IRQHandler</a>
 <LI><a href="#[43]">KPP_IRQHandler</a>
 <LI><a href="#[da]">LPSPI1_DriverIRQHandler</a>
 <LI><a href="#[db]">LPSPI2_DriverIRQHandler</a>
 <LI><a href="#[dc]">LPSPI3_DriverIRQHandler</a>
 <LI><a href="#[dd]">LPSPI4_DriverIRQHandler</a>
 <LI><a href="#[15]">MemManage_Handler</a>
 <LI><a href="#[96]">PIT_IRQHandler</a>
 <LI><a href="#[59]">PMU_EVENT_IRQHandler</a>
 <LI><a href="#[82]">PWM1_0_IRQHandler</a>
 <LI><a href="#[83]">PWM1_1_IRQHandler</a>
 <LI><a href="#[84]">PWM1_2_IRQHandler</a>
 <LI><a href="#[85]">PWM1_3_IRQHandler</a>
 <LI><a href="#[86]">PWM1_FAULT_IRQHandler</a>
 <LI><a href="#[a5]">PWM2_0_IRQHandler</a>
 <LI><a href="#[a6]">PWM2_1_IRQHandler</a>
 <LI><a href="#[a7]">PWM2_2_IRQHandler</a>
 <LI><a href="#[a8]">PWM2_3_IRQHandler</a>
 <LI><a href="#[a9]">PWM2_FAULT_IRQHandler</a>
 <LI><a href="#[aa]">PWM3_0_IRQHandler</a>
 <LI><a href="#[ab]">PWM3_1_IRQHandler</a>
 <LI><a href="#[ac]">PWM3_2_IRQHandler</a>
 <LI><a href="#[ad]">PWM3_3_IRQHandler</a>
 <LI><a href="#[ae]">PWM3_FAULT_IRQHandler</a>
 <LI><a href="#[af]">PWM4_0_IRQHandler</a>
 <LI><a href="#[b0]">PWM4_1_IRQHandler</a>
 <LI><a href="#[b1]">PWM4_2_IRQHandler</a>
 <LI><a href="#[b2]">PWM4_3_IRQHandler</a>
 <LI><a href="#[b3]">PWM4_FAULT_IRQHandler</a>
 <LI><a href="#[48]">PXP_IRQHandler</a>
 <LI><a href="#[79]">RTWDOG_IRQHandler</a>
 <LI><a href="#[7f]">Reserved115_IRQHandler</a>
 <LI><a href="#[9b]">Reserved143_IRQHandler</a>
 <LI><a href="#[9c]">Reserved144_IRQHandler</a>
 <LI><a href="#[b7]">Reserved171_IRQHandler</a>
 <LI><a href="#[50]">Reserved68_IRQHandler</a>
 <LI><a href="#[5a]">Reserved78_IRQHandler</a>
 <LI><a href="#[62]">Reserved86_IRQHandler</a>
 <LI><a href="#[63]">Reserved87_IRQHandler</a>
 <LI><a href="#[e0]">SAI1_DriverIRQHandler</a>
 <LI><a href="#[e1]">SAI2_DriverIRQHandler</a>
 <LI><a href="#[e2]">SAI3_RX_DriverIRQHandler</a>
 <LI><a href="#[e3]">SAI3_TX_DriverIRQHandler</a>
 <LI><a href="#[89]">SEMC_IRQHandler</a>
 <LI><a href="#[52]">SJC_IRQHandler</a>
 <LI><a href="#[4a]">SNVS_HP_WRAPPER_IRQHandler</a>
 <LI><a href="#[4b]">SNVS_HP_WRAPPER_TZ_IRQHandler</a>
 <LI><a href="#[4c]">SNVS_LP_WRAPPER_IRQHandler</a>
 <LI><a href="#[e4]">SPDIF_DriverIRQHandler</a>
 <LI><a href="#[7e]">SRC_IRQHandler</a>
 <LI><a href="#[5b]">TEMP_LOW_HIGH_IRQHandler</a>
 <LI><a href="#[5c]">TEMP_PANIC_IRQHandler</a>
 <LI><a href="#[a1]">TMR1_IRQHandler</a>
 <LI><a href="#[a2]">TMR2_IRQHandler</a>
 <LI><a href="#[a3]">TMR3_IRQHandler</a>
 <LI><a href="#[a4]">TMR4_IRQHandler</a>
 <LI><a href="#[51]">TRNG_IRQHandler</a>
 <LI><a href="#[44]">TSC_DIG_IRQHandler</a>
 <LI><a href="#[8d]">USB_OTG1_IRQHandler</a>
 <LI><a href="#[8c]">USB_OTG2_IRQHandler</a>
 <LI><a href="#[5d]">USB_PHY1_IRQHandler</a>
 <LI><a href="#[5e]">USB_PHY2_IRQHandler</a>
 <LI><a href="#[e9]">USDHC1_DriverIRQHandler</a>
 <LI><a href="#[ea]">USDHC2_DriverIRQHandler</a>
 <LI><a href="#[17]">UsageFault_Handler</a>
 <LI><a href="#[78]">WDOG1_IRQHandler</a>
 <LI><a href="#[49]">WDOG2_IRQHandler</a>
 <LI><a href="#[90]">XBAR1_IRQ_0_1_IRQHandler</a>
 <LI><a href="#[91]">XBAR1_IRQ_2_3_IRQHandler</a>
 <LI><a href="#[13]">NMI_Handler</a>
 <LI><a href="#[14]">HardFault_Handler</a>
 <LI><a href="#[18]">SVC_Handler</a>
 <LI><a href="#[1a]">PendSV_Handler</a>
 <LI><a href="#[1b]">SysTick_Handler</a>
 <LI><a href="#[1c]">DMA0_DMA16_IRQHandler</a>
 <LI><a href="#[1d]">DMA1_DMA17_IRQHandler</a>
 <LI><a href="#[1e]">DMA2_DMA18_IRQHandler</a>
 <LI><a href="#[1f]">DMA3_DMA19_IRQHandler</a>
 <LI><a href="#[20]">DMA4_DMA20_IRQHandler</a>
 <LI><a href="#[21]">DMA5_DMA21_IRQHandler</a>
 <LI><a href="#[22]">DMA6_DMA22_IRQHandler</a>
 <LI><a href="#[23]">DMA7_DMA23_IRQHandler</a>
 <LI><a href="#[24]">DMA8_DMA24_IRQHandler</a>
 <LI><a href="#[25]">DMA9_DMA25_IRQHandler</a>
 <LI><a href="#[26]">DMA10_DMA26_IRQHandler</a>
 <LI><a href="#[27]">DMA11_DMA27_IRQHandler</a>
 <LI><a href="#[28]">DMA12_DMA28_IRQHandler</a>
 <LI><a href="#[29]">DMA13_DMA29_IRQHandler</a>
 <LI><a href="#[2a]">DMA14_DMA30_IRQHandler</a>
 <LI><a href="#[2b]">DMA15_DMA31_IRQHandler</a>
 <LI><a href="#[2c]">DMA_ERROR_IRQHandler</a>
 <LI><a href="#[30]">LPUART1_IRQHandler</a>
 <LI><a href="#[31]">LPUART2_IRQHandler</a>
 <LI><a href="#[32]">LPUART3_IRQHandler</a>
 <LI><a href="#[33]">LPUART4_IRQHandler</a>
 <LI><a href="#[34]">LPUART5_IRQHandler</a>
 <LI><a href="#[35]">LPUART6_IRQHandler</a>
 <LI><a href="#[36]">LPUART7_IRQHandler</a>
 <LI><a href="#[37]">LPUART8_IRQHandler</a>
 <LI><a href="#[38]">LPI2C1_IRQHandler</a>
 <LI><a href="#[39]">LPI2C2_IRQHandler</a>
 <LI><a href="#[3a]">LPI2C3_IRQHandler</a>
 <LI><a href="#[3b]">LPI2C4_IRQHandler</a>
 <LI><a href="#[3c]">LPSPI1_IRQHandler</a>
 <LI><a href="#[3d]">LPSPI2_IRQHandler</a>
 <LI><a href="#[3e]">LPSPI3_IRQHandler</a>
 <LI><a href="#[3f]">LPSPI4_IRQHandler</a>
 <LI><a href="#[40]">CAN1_IRQHandler</a>
 <LI><a href="#[41]">CAN2_IRQHandler</a>
 <LI><a href="#[54]">SAI1_IRQHandler</a>
 <LI><a href="#[55]">SAI2_IRQHandler</a>
 <LI><a href="#[56]">SAI3_RX_IRQHandler</a>
 <LI><a href="#[57]">SAI3_TX_IRQHandler</a>
 <LI><a href="#[58]">SPDIF_IRQHandler</a>
 <LI><a href="#[76]">FLEXIO1_IRQHandler</a>
 <LI><a href="#[77]">FLEXIO2_IRQHandler</a>
 <LI><a href="#[87]">FLEXSPI2_IRQHandler</a>
 <LI><a href="#[88]">FLEXSPI_IRQHandler</a>
 <LI><a href="#[8a]">USDHC1_IRQHandler</a>
 <LI><a href="#[8b]">USDHC2_IRQHandler</a>
 <LI><a href="#[8e]">ENET_IRQHandler</a>
 <LI><a href="#[8f]">ENET_1588_Timer_IRQHandler</a>
 <LI><a href="#[b4]">ENET2_IRQHandler</a>
 <LI><a href="#[b5]">ENET2_1588_Timer_IRQHandler</a>
 <LI><a href="#[b6]">CAN3_IRQHandler</a>
 <LI><a href="#[b8]">FLEXIO3_IRQHandler</a>
 <LI><a href="#[f3]">BUTTON_Callback</a>
 <LI><a href="#[1da]">BUTTON_CreateAsChild</a>
 <LI><a href="#[1a8]">BUTTON_CreateIndirect</a>
 <LI><a href="#[1db]">BUTTON_CreateUser</a>
 <LI><a href="#[0]">BUTTON_DrawSkinFlex</a>
 <LI><a href="#[1ee]">BUTTON_GetText</a>
 <LI><a href="#[1d8]">BUTTON_IsPressed</a>
 <LI><a href="#[145]">BUTTON_SetBitmapEx</a>
 <LI><a href="#[1f1]">BUTTON_SetSkin</a>
 <LI><a href="#[1dc]">BUTTON_SetText</a>
 <LI><a href="#[1f0]">BUTTON__SetDrawObj</a>
 <LI><a href="#[20f]">GL_DrawBitmap</a>
 <LI><a href="#[212]">GL_DrawLineEx</a>
 <LI><a href="#[217]">GL_DrawPoint</a>
 <LI><a href="#[218]">GL_FillCircle</a>
 <LI><a href="#[219]">GL_FillCircleAA_HiRes</a>
 <LI><a href="#[216]">GL_FillPolygon</a>
 <LI><a href="#[21d]">GL_SetDefault</a>
 <LI><a href="#[16d]">GUIMONO_DispChar</a>
 <LI><a href="#[16e]">GUIMONO_GetCharDistX</a>
 <LI><a href="#[16f]">GUIMONO_GetFontInfo</a>
 <LI><a href="#[170]">GUIMONO_IsInFont</a>
 <LI><a href="#[171]">GUIPROP_AA4_EXT_DispChar</a>
 <LI><a href="#[169]">GUIPROP_DispChar</a>
 <LI><a href="#[176]">GUIPROP_EXT_DispChar</a>
 <LI><a href="#[172]">GUIPROP_EXT_GetCharDistX</a>
 <LI><a href="#[175]">GUIPROP_EXT_GetCharInfo</a>
 <LI><a href="#[173]">GUIPROP_EXT_GetFontInfo</a>
 <LI><a href="#[174]">GUIPROP_EXT_IsInFont</a>
 <LI><a href="#[d]">GUIPROP_EXT__ClearLine</a>
 <LI><a href="#[168]">GUIPROP_EXT__DispLine</a>
 <LI><a href="#[226]">GUIPROP_EXT__FindChar</a>
 <LI><a href="#[16a]">GUIPROP_GetCharDistX</a>
 <LI><a href="#[16b]">GUIPROP_GetFontInfo</a>
 <LI><a href="#[16c]">GUIPROP_IsInFont</a>
 <LI><a href="#[22e]">GUITASK_CopyContext</a>
 <LI><a href="#[231]">GUITASK_Init</a>
 <LI><a href="#[235]">GUI_AA_DrawRoundedRect</a>
 <LI><a href="#[21b]">GUI_AA_Exit</a>
 <LI><a href="#[23d]">GUI_AA_FillCircle</a>
 <LI><a href="#[239]">GUI_AA_HiRes2Pixel</a>
 <LI><a href="#[23e]">GUI_AA_Init</a>
 <LI><a href="#[21a]">GUI_AA_Init_HiRes</a>
 <LI><a href="#[228]">GUI_AA__DrawCharAA4</a>
 <LI><a href="#[242]">GUI_ALLOC_AllocInit</a>
 <LI><a href="#[243]">GUI_ALLOC_AllocNoInit</a>
 <LI><a href="#[245]">GUI_ALLOC_AllocZero</a>
 <LI><a href="#[30d]">GUI_ALLOC_AssignMemory</a>
 <LI><a href="#[246]">GUI_ALLOC_Free</a>
 <LI><a href="#[272]">GUI_ALLOC_FreeFixedBlock</a>
 <LI><a href="#[1d1]">GUI_ALLOC_FreePtr</a>
 <LI><a href="#[1d2]">GUI_ALLOC_FreePtrArray</a>
 <LI><a href="#[233]">GUI_ALLOC_GetFixedBlock</a>
 <LI><a href="#[24b]">GUI_ALLOC_GetMaxSize</a>
 <LI><a href="#[32b]">GUI_ALLOC_GetSize</a>
 <LI><a href="#[277]">GUI_ALLOC_Lock</a>
 <LI><a href="#[1d0]">GUI_ALLOC_LockH</a>
 <LI><a href="#[24c]">GUI_ALLOC_Realloc</a>
 <LI><a href="#[24d]">GUI_ALLOC_RequestSize</a>
 <LI><a href="#[279]">GUI_ALLOC_Unlock</a>
 <LI><a href="#[1d3]">GUI_ALLOC_UnlockH</a>
 <LI><a href="#[26b]">GUI_ALLOC_h2p</a>
 <LI><a href="#[3f8]">GUI_ALLOC_p2h</a>
 <LI><a href="#[24e]">GUI_ANIM_AddItem</a>
 <LI><a href="#[24f]">GUI_ANIM_Create</a>
 <LI><a href="#[250]">GUI_ANIM_Delete</a>
 <LI><a href="#[251]">GUI_ANIM_Exec</a>
 <LI><a href="#[253]">GUI_ANIM_Start</a>
 <LI><a href="#[255]">GUI_ANIM_StartEx</a>
 <LI><a href="#[11d]">GUI_ANIM__AccelDecel</a>
 <LI><a href="#[256]">GUI_ARRAY_AddItem</a>
 <LI><a href="#[257]">GUI_ARRAY_Create</a>
 <LI><a href="#[258]">GUI_ARRAY_Delete</a>
 <LI><a href="#[259]">GUI_ARRAY_DeleteItem</a>
 <LI><a href="#[25a]">GUI_ARRAY_GetNumItems</a>
 <LI><a href="#[25b]">GUI_ARRAY_GethItem</a>
 <LI><a href="#[25d]">GUI_ARRAY_GetpItemLocked</a>
 <LI><a href="#[25c]">GUI_ARRAY__GethItem</a>
 <LI><a href="#[25e]">GUI_CURSOR_SetPositionEx</a>
 <LI><a href="#[3df]">GUI_CalcColorDist</a>
 <LI><a href="#[204]">GUI_Clear</a>
 <LI><a href="#[263]">GUI_ClearRect</a>
 <LI><a href="#[264]">GUI_ClearRectEx</a>
 <LI><a href="#[207]">GUI_CreateDialogBox</a>
 <LI><a href="#[2d1]">GUI_DCACHE_Clear</a>
 <LI><a href="#[347]">GUI_DCACHE_SetClearCacheHook</a>
 <LI><a href="#[26e]">GUI_DEVICE_Create</a>
 <LI><a href="#[26f]">GUI_DEVICE_CreateAndLink</a>
 <LI><a href="#[271]">GUI_DEVICE_Delete</a>
 <LI><a href="#[270]">GUI_DEVICE_Link</a>
 <LI><a href="#[273]">GUI_DEVICE_LinkDevices</a>
 <LI><a href="#[33e]">GUI_DEVICE_Unlink</a>
 <LI><a href="#[2a5]">GUI_DEVICE_UnlinkTaskDevices</a>
 <LI><a href="#[2ae]">GUI_DEVICE__GetpDriver</a>
 <LI><a href="#[1ef]">GUI_DRAW_BITMAP_Create</a>
 <LI><a href="#[1ed]">GUI_DRAW__Draw</a>
 <LI><a href="#[274]">GUI_Delay</a>
 <LI><a href="#[27a]">GUI_DispString</a>
 <LI><a href="#[281]">GUI_DispStringAt</a>
 <LI><a href="#[147]">GUI_DispStringInRect</a>
 <LI><a href="#[282]">GUI_DispStringInRectMax</a>
 <LI><a href="#[205]">GUI_DrawBitmap</a>
 <LI><a href="#[1ec]">GUI_DrawGradientV</a>
 <LI><a href="#[1e2]">GUI_DrawHLine</a>
 <LI><a href="#[287]">GUI_DrawLine</a>
 <LI><a href="#[1eb]">GUI_DrawRect</a>
 <LI><a href="#[1e3]">GUI_DrawVLine</a>
 <LI><a href="#[276]">GUI_Exec</a>
 <LI><a href="#[28a]">GUI_Exec1</a>
 <LI><a href="#[1e4]">GUI_FillRect</a>
 <LI><a href="#[28c]">GUI_FillRoundedRect</a>
 <LI><a href="#[28e]">GUI_GetBitmapPixelIndex</a>
 <LI><a href="#[28f]">GUI_GetBitmapPixelIndexEx</a>
 <LI><a href="#[2c8]">GUI_GetBitsPerPixelEx</a>
 <LI><a href="#[22a]">GUI_GetBkColor</a>
 <LI><a href="#[291]">GUI_GetCharDistX</a>
 <LI><a href="#[292]">GUI_GetCharDistXEx</a>
 <LI><a href="#[1e6]">GUI_GetClientRect</a>
 <LI><a href="#[229]">GUI_GetColor</a>
 <LI><a href="#[25f]">GUI_GetCursorLayer</a>
 <LI><a href="#[27b]">GUI_GetFontDistY</a>
 <LI><a href="#[295]">GUI_GetLayerPosEx</a>
 <LI><a href="#[297]">GUI_GetOrg</a>
 <LI><a href="#[238]">GUI_GetPenSize</a>
 <LI><a href="#[252]">GUI_GetTime</a>
 <LI><a href="#[27c]">GUI_GetYAdjust</a>
 <LI><a href="#[35f]">GUI_GetYSizeOfFont</a>
 <LI><a href="#[2ca]">GUI_GetpfColor2IndexEx</a>
 <LI><a href="#[2c9]">GUI_GetpfIndex2ColorEx</a>
 <LI><a href="#[262]">GUI_GotoXY</a>
 <LI><a href="#[298]">GUI_Init</a>
 <LI><a href="#[1dd]">GUI_Lock</a>
 <LI><a href="#[2a6]">GUI_MEMDEV_Clear</a>
 <LI><a href="#[2a7]">GUI_MEMDEV_CopyToLCD</a>
 <LI><a href="#[2a8]">GUI_MEMDEV_CopyToLCDAt</a>
 <LI><a href="#[2ac]">GUI_MEMDEV_Create</a>
 <LI><a href="#[2ad]">GUI_MEMDEV_CreateEx</a>
 <LI><a href="#[203]">GUI_MEMDEV_CreateFixed32</a>
 <LI><a href="#[2b0]">GUI_MEMDEV_Delete</a>
 <LI><a href="#[2b2]">GUI_MEMDEV_Draw</a>
 <LI><a href="#[2bb]">GUI_MEMDEV_GetBitsPerPixel</a>
 <LI><a href="#[2bd]">GUI_MEMDEV_GetDataPtr</a>
 <LI><a href="#[2be]">GUI_MEMDEV_GetXSize</a>
 <LI><a href="#[2b7]">GUI_MEMDEV_GetYSize</a>
 <LI><a href="#[119]">GUI_MEMDEV_Paint1Static</a>
 <LI><a href="#[2b9]">GUI_MEMDEV_ReduceYSize</a>
 <LI><a href="#[14e]">GUI_MEMDEV_Select</a>
 <LI><a href="#[2ba]">GUI_MEMDEV_SetOrg</a>
 <LI><a href="#[2c0]">GUI_MEMDEV_Write</a>
 <LI><a href="#[2c4]">GUI_MEMDEV_WriteAt</a>
 <LI><a href="#[2af]">GUI_MEMDEV__CreateFixed</a>
 <LI><a href="#[137]">GUI_MEMDEV__WriteToActiveAlpha</a>
 <LI><a href="#[2c5]">GUI_MEMDEV__WriteToActiveAt</a>
 <LI><a href="#[2ab]">GUI_MEMDEV__WriteToActiveOpaque</a>
 <LI><a href="#[3fa]">GUI_MULTIBUF_Begin</a>
 <LI><a href="#[2ce]">GUI_MULTIBUF_BeginEx</a>
 <LI><a href="#[344]">GUI_MULTIBUF_Config</a>
 <LI><a href="#[2cf]">GUI_MULTIBUF_ConfigEx</a>
 <LI><a href="#[1b1]">GUI_MULTIBUF_Confirm</a>
 <LI><a href="#[3fb]">GUI_MULTIBUF_End</a>
 <LI><a href="#[2d0]">GUI_MULTIBUF_EndEx</a>
 <LI><a href="#[3bf]">GUI_MergeRect</a>
 <LI><a href="#[1e7]">GUI_MoveRect</a>
 <LI><a href="#[3a5]">GUI_PID_GetState</a>
 <LI><a href="#[3a4]">GUI_PID_IsEmpty</a>
 <LI><a href="#[2d2]">GUI_PID_StoreState</a>
 <LI><a href="#[2d4]">GUI_PollKeyMsg</a>
 <LI><a href="#[2d6]">GUI_QR_Create</a>
 <LI><a href="#[2e7]">GUI_QR_Draw</a>
 <LI><a href="#[2e8]">GUI_QR_GetInfo</a>
 <LI><a href="#[2e9]">GUI_ReadRectEx</a>
 <LI><a href="#[3e4]">GUI_RectsIntersect</a>
 <LI><a href="#[2eb]">GUI_RestoreContext</a>
 <LI><a href="#[2ec]">GUI_SPLINE_Create</a>
 <LI><a href="#[2ed]">GUI_SPLINE_Delete</a>
 <LI><a href="#[2ee]">GUI_SPLINE_DrawAA</a>
 <LI><a href="#[261]">GUI_SPRITE_SetPosition</a>
 <LI><a href="#[2f8]">GUI_SaveContext_W</a>
 <LI><a href="#[2a9]">GUI_SelectLCD</a>
 <LI><a href="#[2fa]">GUI_SelectLayer</a>
 <LI><a href="#[148]">GUI_SetBkColor</a>
 <LI><a href="#[152]">GUI_SetColor</a>
 <LI><a href="#[2fb]">GUI_SetColorIndex</a>
 <LI><a href="#[30e]">GUI_SetDefaultFont</a>
 <LI><a href="#[210]">GUI_SetDrawMode</a>
 <LI><a href="#[1e5]">GUI_SetFont</a>
 <LI><a href="#[260]">GUI_SetLayerPosEx</a>
 <LI><a href="#[2a1]">GUI_SetOrg</a>
 <LI><a href="#[1e8]">GUI_SetTextMode</a>
 <LI><a href="#[2d3]">GUI_SignalEvent</a>
 <LI><a href="#[2fe]">GUI_StoreKey</a>
 <LI><a href="#[2ff]">GUI_TIMER_Create</a>
 <LI><a href="#[301]">GUI_TIMER_Delete</a>
 <LI><a href="#[108]">GUI_TIMER_Exec</a>
 <LI><a href="#[303]">GUI_TIMER_GetFlag</a>
 <LI><a href="#[304]">GUI_TIMER_Restart</a>
 <LI><a href="#[305]">GUI_TIMER_SetPeriod</a>
 <LI><a href="#[306]">GUI_TIMER__GetFirstTimer</a>
 <LI><a href="#[307]">GUI_TIMER__GetNextTimerLin</a>
 <LI><a href="#[1ce]">GUI_TOUCH_StoreStateEx</a>
 <LI><a href="#[309]">GUI_UC_ConvertUC2UTF8</a>
 <LI><a href="#[30a]">GUI_UC_Encode</a>
 <LI><a href="#[22c]">GUI_UC__GetCharCodeInc</a>
 <LI><a href="#[280]">GUI_UC__NumChars2NumBytes</a>
 <LI><a href="#[3e8]">GUI_USAGE_AddRect</a>
 <LI><a href="#[2c6]">GUI_USAGE_BM_Create</a>
 <LI><a href="#[2b1]">GUI_USAGE_DecUseCnt</a>
 <LI><a href="#[1e0]">GUI_Unlock</a>
 <LI><a href="#[310]">GUI__ASinHQ</a>
 <LI><a href="#[30f]">GUI__ATan2</a>
 <LI><a href="#[311]">GUI__AllocAlphaBuffer</a>
 <LI><a href="#[313]">GUI__AlphaPreserveTrans</a>
 <LI><a href="#[315]">GUI__BIDI2_IsNSM</a>
 <LI><a href="#[317]">GUI__BIDI2_Log2Vis</a>
 <LI><a href="#[3]">GUI__BIDI_Log2VisBuffered</a>
 <LI><a href="#[3e0]">GUI__CompactPixelIndices</a>
 <LI><a href="#[31e]">GUI__CompactPixelIndicesEx</a>
 <LI><a href="#[299]">GUI__Config</a>
 <LI><a href="#[31f]">GUI__ConvertColor2Index</a>
 <LI><a href="#[27f]">GUI__DispLine</a>
 <LI><a href="#[285]">GUI__DispStringInRect</a>
 <LI><a href="#[323]">GUI__DoAlphaBlending</a>
 <LI><a href="#[4]">GUI__DrawCharEXT</a>
 <LI><a href="#[227]">GUI__DrawNonExistingCharacter</a>
 <LI><a href="#[1e1]">GUI__DrawTwinArc4</a>
 <LI><a href="#[324]">GUI__ExpandPixelIndicesEx</a>
 <LI><a href="#[312]">GUI__GetAlphaBuffer</a>
 <LI><a href="#[27e]">GUI__GetLineDistX</a>
 <LI><a href="#[27d]">GUI__GetLineNumChars</a>
 <LI><a href="#[22b]">GUI__GetNonExistingCharWidth</a>
 <LI><a href="#[22d]">GUI__GetOverlap</a>
 <LI><a href="#[326]">GUI__GetPresentationForm</a>
 <LI><a href="#[322]">GUI__HandleEOLine</a>
 <LI><a href="#[3ae]">GUI__IntersectRect</a>
 <LI><a href="#[284]">GUI__IntersectRects</a>
 <LI><a href="#[3e6]">GUI__IsArabicCharacter</a>
 <LI><a href="#[213]">GUI__ManageCache</a>
 <LI><a href="#[329]">GUI__ManageCacheEx</a>
 <LI><a href="#[7]">GUI__MixColors</a>
 <LI><a href="#[37b]">GUI__ReduceRect</a>
 <LI><a href="#[232]">GUI__RegisterExit</a>
 <LI><a href="#[1f3]">GUI__SetText</a>
 <LI><a href="#[3f9]">GUI__memset</a>
 <LI><a href="#[28d]">GUI__sqrt32</a>
 <LI><a href="#[32a]">GUI__strcmp_hp</a>
 <LI><a href="#[361]">GUI__strlen</a>
 <LI><a href="#[215]">GUI_sin</a>
 <LI><a href="#[c]">LCD_AA_MixColors16</a>
 <LI><a href="#[314]">LCD_AA_SetOrMask</a>
 <LI><a href="#[2ef]">LCD_Color2Index</a>
 <LI><a href="#[211]">LCD_DrawBitmap</a>
 <LI><a href="#[fc]">LCD_DrawHLine</a>
 <LI><a href="#[19f]">LCD_DrawPixel</a>
 <LI><a href="#[289]">LCD_DrawVLine</a>
 <LI><a href="#[225]">LCD_FillRect</a>
 <LI><a href="#[32f]">LCD_GetBitsPerPixelEx</a>
 <LI><a href="#[290]">LCD_GetBkColorIndex</a>
 <LI><a href="#[294]">LCD_GetColorIndex</a>
 <LI><a href="#[330]">LCD_GetMirrorXEx</a>
 <LI><a href="#[331]">LCD_GetMirrorYEx</a>
 <LI><a href="#[332]">LCD_GetNumColors</a>
 <LI><a href="#[333]">LCD_GetNumColorsEx</a>
 <LI><a href="#[334]">LCD_GetNumLayers</a>
 <LI><a href="#[335]">LCD_GetPalette</a>
 <LI><a href="#[2f0]">LCD_GetPixelColor</a>
 <LI><a href="#[336]">LCD_GetPixelIndex</a>
 <LI><a href="#[296]">LCD_GetPosEx</a>
 <LI><a href="#[337]">LCD_GetSwapXYEx</a>
 <LI><a href="#[2b5]">LCD_GetVXSizeEx</a>
 <LI><a href="#[23f]">LCD_GetVXSizeMax</a>
 <LI><a href="#[2b6]">LCD_GetVYSizeEx</a>
 <LI><a href="#[339]">LCD_GetXSize</a>
 <LI><a href="#[29c]">LCD_GetXSizeDisplay</a>
 <LI><a href="#[2b3]">LCD_GetXSizeEx</a>
 <LI><a href="#[29e]">LCD_GetXSizeMax</a>
 <LI><a href="#[33a]">LCD_GetYSize</a>
 <LI><a href="#[29d]">LCD_GetYSizeDisplay</a>
 <LI><a href="#[2b4]">LCD_GetYSizeEx</a>
 <LI><a href="#[29f]">LCD_GetYSizeMax</a>
 <LI><a href="#[b]">LCD_GetpPalConvTableBM</a>
 <LI><a href="#[241]">LCD_GetpPalConvTableUncached</a>
 <LI><a href="#[240]">LCD_Index2Color</a>
 <LI><a href="#[18b]">LCD_Index2Color_8888</a>
 <LI><a href="#[10b]">LCD_Index2Color_M8888I</a>
 <LI><a href="#[29b]">LCD_Init</a>
 <LI><a href="#[33b]">LCD_InitColors</a>
 <LI><a href="#[33c]">LCD_InitLUT</a>
 <LI><a href="#[2f9]">LCD_SelectLCD</a>
 <LI><a href="#[21e]">LCD_SetBkColor</a>
 <LI><a href="#[343]">LCD_SetBkColorIndex</a>
 <LI><a href="#[33f]">LCD_SetClipRectEx</a>
 <LI><a href="#[2c3]">LCD_SetClipRectMax</a>
 <LI><a href="#[21f]">LCD_SetColor</a>
 <LI><a href="#[2fc]">LCD_SetColorIndex</a>
 <LI><a href="#[2a0]">LCD_SetDisplaySize</a>
 <LI><a href="#[220]">LCD_SetDrawMode</a>
 <LI><a href="#[33d]">LCD_SetLUTEntryEx</a>
 <LI><a href="#[121]">LCD_SetPixelAA4_Trans</a>
 <LI><a href="#[2f1]">LCD_SetPixelIndex</a>
 <LI><a href="#[2fd]">LCD_SetPosEx</a>
 <LI><a href="#[340]">LCD_SetSizeEx</a>
 <LI><a href="#[341]">LCD_SetVRAMAddrEx</a>
 <LI><a href="#[342]">LCD_SetVSizeEx</a>
 <LI><a href="#[2c2]">LCD_UpdateColorIndices</a>
 <LI><a href="#[2cc]">LCD__DrawBitmap_1bpp</a>
 <LI><a href="#[349]">LCD__GetBPP</a>
 <LI><a href="#[2bc]">LCD__GetBPPDevice</a>
 <LI><a href="#[34a]">LISTWHEEL_AddString</a>
 <LI><a href="#[10f]">LISTWHEEL_Callback</a>
 <LI><a href="#[359]">LISTWHEEL_CreateEx</a>
 <LI><a href="#[35a]">LISTWHEEL_CreateUser</a>
 <LI><a href="#[35c]">LISTWHEEL_GetPos</a>
 <LI><a href="#[35d]">LISTWHEEL_MoveToPos</a>
 <LI><a href="#[110]">LISTWHEEL_OwnerDraw</a>
 <LI><a href="#[14c]">LISTWHEEL_SetBkColor</a>
 <LI><a href="#[362]">LISTWHEEL_SetDeceleration</a>
 <LI><a href="#[363]">LISTWHEEL_SetFont</a>
 <LI><a href="#[365]">LISTWHEEL_SetSel</a>
 <LI><a href="#[35b]">LISTWHEEL_SetText</a>
 <LI><a href="#[366]">LISTWHEEL_SetTextAlign</a>
 <LI><a href="#[14b]">LISTWHEEL_SetTextColor</a>
 <LI><a href="#[1d6]">WIDGET_AndState</a>
 <LI><a href="#[1cf]">WIDGET_HandleActive</a>
 <LI><a href="#[267]">WIDGET_OrState</a>
 <LI><a href="#[37e]">WIDGET_SetFocusable</a>
 <LI><a href="#[37d]">WIDGET_SetState</a>
 <LI><a href="#[1df]">WIDGET__Init</a>
 <LI><a href="#[111]">WINDOW_Callback</a>
 <LI><a href="#[1a7]">WINDOW_CreateIndirect</a>
 <LI><a href="#[384]">WINDOW_CreateUser</a>
 <LI><a href="#[2aa]">WM_Activate</a>
 <LI><a href="#[385]">WM_BringToBottom</a>
 <LI><a href="#[379]">WM_BringToTop</a>
 <LI><a href="#[38c]">WM_CreateTimer</a>
 <LI><a href="#[1de]">WM_CreateWindowAsChild</a>
 <LI><a href="#[2c1]">WM_Deactivate</a>
 <LI><a href="#[1d4]">WM_DefaultProc</a>
 <LI><a href="#[354]">WM_DeleteTimer</a>
 <LI><a href="#[26d]">WM_DeleteWindow</a>
 <LI><a href="#[28b]">WM_Exec</a>
 <LI><a href="#[38b]">WM_ForEachDesc</a>
 <LI><a href="#[3a2]">WM_GetActiveWindow</a>
 <LI><a href="#[293]">WM_GetClientRect</a>
 <LI><a href="#[34e]">WM_GetClientRectEx</a>
 <LI><a href="#[266]">WM_GetClientWindow</a>
 <LI><a href="#[265]">WM_GetDesktopWindow</a>
 <LI><a href="#[398]">WM_GetDialogItem</a>
 <LI><a href="#[39a]">WM_GetFirstChild</a>
 <LI><a href="#[26a]">WM_GetFocusedWindow</a>
 <LI><a href="#[360]">WM_GetHasTrans</a>
 <LI><a href="#[39b]">WM_GetId</a>
 <LI><a href="#[34b]">WM_GetInsideRect</a>
 <LI><a href="#[350]">WM_GetInsideRectEx</a>
 <LI><a href="#[387]">WM_GetParent</a>
 <LI><a href="#[39c]">WM_GetUserData</a>
 <LI><a href="#[39e]">WM_GetWindowOrgX</a>
 <LI><a href="#[39f]">WM_GetWindowOrgY</a>
 <LI><a href="#[3a0]">WM_GetWindowRectEx</a>
 <LI><a href="#[3a1]">WM_GetWindowSizeX</a>
 <LI><a href="#[3a3]">WM_GetWindowSizeY</a>
 <LI><a href="#[ff]">WM_HandlePID</a>
 <LI><a href="#[34d]">WM_HasCaptured</a>
 <LI><a href="#[380]">WM_HasFocus</a>
 <LI><a href="#[2a2]">WM_Init</a>
 <LI><a href="#[38e]">WM_InvalidateRect</a>
 <LI><a href="#[1f2]">WM_InvalidateWindow</a>
 <LI><a href="#[3b2]">WM_InvalidateWindowAndDescs</a>
 <LI><a href="#[3b3]">WM_InvalidateWindowAndDescsEx</a>
 <LI><a href="#[3b4]">WM_IsEnabled</a>
 <LI><a href="#[3b5]">WM_IsFocusable</a>
 <LI><a href="#[37f]">WM_IsWindow</a>
 <LI><a href="#[3b7]">WM_MOTION_Enable</a>
 <LI><a href="#[407]">WM_MULTIBUF_Enable</a>
 <LI><a href="#[3ba]">WM_MoveTo</a>
 <LI><a href="#[3bc]">WM_MoveWindow</a>
 <LI><a href="#[357]">WM_NotifyParent</a>
 <LI><a href="#[2d5]">WM_OnKey</a>
 <LI><a href="#[3ab]">WM_PID__SetPrevState</a>
 <LI><a href="#[358]">WM_ReleaseCapture</a>
 <LI><a href="#[3be]">WM_ResizeWindow</a>
 <LI><a href="#[356]">WM_RestartTimer</a>
 <LI><a href="#[3a7]">WM_Screen2hWin</a>
 <LI><a href="#[38d]">WM_SelectWindow</a>
 <LI><a href="#[397]">WM_SendMessage</a>
 <LI><a href="#[269]">WM_SendMessageNoPara</a>
 <LI><a href="#[391]">WM_SendToParent</a>
 <LI><a href="#[14a]">WM_SetCallback</a>
 <LI><a href="#[352]">WM_SetCapture</a>
 <LI><a href="#[378]">WM_SetFocus</a>
 <LI><a href="#[26c]">WM_SetFocusOnNextChild</a>
 <LI><a href="#[383]">WM_SetFocusOnPrevChild</a>
 <LI><a href="#[1e9]">WM_SetHasTrans</a>
 <LI><a href="#[3c6]">WM_SetSize</a>
 <LI><a href="#[283]">WM_SetUserClipRect</a>
 <LI><a href="#[3c8]">WM_SetUserData</a>
 <LI><a href="#[268]">WM_ShowWindow</a>
 <LI><a href="#[3c5]">WM_ValidateWindow</a>
 <LI><a href="#[3c7]">WM__ActivateClipRect</a>
 <LI><a href="#[3a6]">WM__AddCriticalHandle</a>
 <LI><a href="#[3af]">WM__ClipAtParentBorders</a>
 <LI><a href="#[392]">WM__DeleteAssocTimer</a>
 <LI><a href="#[393]">WM__DetachWindow</a>
 <LI><a href="#[396]">WM__ForEachDesc</a>
 <LI><a href="#[390]">WM__GetClientRectEx</a>
 <LI><a href="#[37a]">WM__GetClientRectWin</a>
 <LI><a href="#[3cb]">WM__GetFirstSibling</a>
 <LI><a href="#[3c2]">WM__GetFocusedChild</a>
 <LI><a href="#[3cd]">WM__GetLastSibling</a>
 <LI><a href="#[23b]">WM__GetNextIVR</a>
 <LI><a href="#[236]">WM__GetOrgX_AA</a>
 <LI><a href="#[237]">WM__GetOrgY_AA</a>
 <LI><a href="#[386]">WM__GetPrevSibling</a>
 <LI><a href="#[39d]">WM__GetUserDataEx</a>
 <LI><a href="#[23a]">WM__InitIVRSearch</a>
 <LI><a href="#[38a]">WM__InsertWindowIntoList</a>
 <LI><a href="#[3ad]">WM__InvalidateDrawAndDescs</a>
 <LI><a href="#[3d1]">WM__InvalidateParent</a>
 <LI><a href="#[3b0]">WM__InvalidateRect</a>
 <LI><a href="#[388]">WM__InvalidateRectEx</a>
 <LI><a href="#[382]">WM__IsAncestor</a>
 <LI><a href="#[381]">WM__IsAncestorOrSelf</a>
 <LI><a href="#[3cc]">WM__IsChild</a>
 <LI><a href="#[1ea]">WM__IsEnabled</a>
 <LI><a href="#[3a8]">WM__IsInModalArea</a>
 <LI><a href="#[3b6]">WM__IsWindow</a>
 <LI><a href="#[3bb]">WM__MoveTo</a>
 <LI><a href="#[3bd]">WM__MoveWindow</a>
 <LI><a href="#[3d3]">WM__Paint</a>
 <LI><a href="#[11a]">WM__Paint1</a>
 <LI><a href="#[3ac]">WM__RemoveCriticalHandle</a>
 <LI><a href="#[389]">WM__RemoveWindowFromList</a>
 <LI><a href="#[38f]">WM__SendMessage</a>
 <LI><a href="#[3aa]">WM__SendMessageIfEnabled</a>
 <LI><a href="#[2b8]">WM__SendMessageNoPara</a>
 <LI><a href="#[3c0]">WM__SendMsgNoData</a>
 <LI><a href="#[3d7]">WM__SendPIDMessage</a>
 <LI><a href="#[3a9]">WM__SendTouchMessage</a>
 <LI><a href="#[3b8]">WM__SetMotionCallback</a>
 <LI><a href="#[3c9]">WM__SetUserDataEx</a>
 <LI><a href="#[37c]">WM__UpdateChildPositions</a>
 <LI><a href="#[34c]">_CheckTimer</a>
 <LI><a href="#[34f]">_CreateTimer</a>
 <LI><a href="#[35e]">_GetDestination</a>
 <LI><a href="#[355]">_GetDistToNextItem</a>
 <LI><a href="#[353]">_OnPressed</a>
 <LI><a href="#[364]">_RecalcDatasizeY</a>
 <LI><a href="#[351]">_StopAutoMove</a>
 <LI><a href="#[1d5]">_OnButtonPressed</a>
 <LI><a href="#[1d9]">_OnButtonReleased</a>
 <LI><a href="#[1d7]">_OnPidStateChange</a>
 <LI><a href="#[f]">_OnTouchDefault</a>
 <LI><a href="#[2]">_Create</a>
 <LI><a href="#[1]">_Paint</a>
 <LI><a href="#[134]">_CopyBuffer</a>
 <LI><a href="#[159]">_DrawBitmap</a>
 <LI><a href="#[15a]">_DrawHLine</a>
 <LI><a href="#[15b]">_DrawVLine</a>
 <LI><a href="#[15c]">_FillRect</a>
 <LI><a href="#[163]">_GetDevData</a>
 <LI><a href="#[161]">_GetDevFunc</a>
 <LI><a href="#[162]">_GetDevProp</a>
 <LI><a href="#[15d]">_GetPixelIndex</a>
 <LI><a href="#[129]">_GetPos</a>
 <LI><a href="#[164]">_GetRect</a>
 <LI><a href="#[12d]">_Init</a>
 <LI><a href="#[3e1]">_InitOnce</a>
 <LI><a href="#[12f]">_Off</a>
 <LI><a href="#[12e]">_On</a>
 <LI><a href="#[126]">_ReadRect</a>
 <LI><a href="#[127]">_SetAlpha</a>
 <LI><a href="#[130]">_SetAlphaMode</a>
 <LI><a href="#[132]">_SetChroma</a>
 <LI><a href="#[131]">_SetChromaMode</a>
 <LI><a href="#[133]">_SetDevFunc</a>
 <LI><a href="#[160]">_SetOrg</a>
 <LI><a href="#[15e]">_SetPixelIndex</a>
 <LI><a href="#[128]">_SetPos</a>
 <LI><a href="#[12c]">_SetSize</a>
 <LI><a href="#[125]">_SetVRAMAddr</a>
 <LI><a href="#[136]">_SetVRAM_BufferPTR</a>
 <LI><a href="#[12b]">_SetVSize</a>
 <LI><a href="#[12a]">_SetVis</a>
 <LI><a href="#[135]">_ShowBuffer</a>
 <LI><a href="#[15f]">_XorPixel</a>
 <LI><a href="#[113]">_cbTimer</a>
 <LI><a href="#[3d8]">_AimDestination</a>
 <LI><a href="#[3d9]">_AimDestinationXY</a>
 <LI><a href="#[3e2]">_CreatehCrit</a>
 <LI><a href="#[3b9]">_ExecMotion</a>
 <LI><a href="#[3f0]">_GetConfirmation</a>
 <LI><a href="#[3ed]">_GetContext</a>
 <LI><a href="#[124]">_GetMotionTagR</a>
 <LI><a href="#[120]">_GetMotionTagXY</a>
 <LI><a href="#[3f2]">_GetSigns</a>
 <LI><a href="#[3f1]">_GetphCrit</a>
 <LI><a href="#[123]">_Motion_AutoWithinParent</a>
 <LI><a href="#[122]">_Motion_ByWindow</a>
 <LI><a href="#[3f6]">_MoveToNearestSnapPosition</a>
 <LI><a href="#[3fd]">_MoveToNearestSnapPositionXY</a>
 <LI><a href="#[116]">_OnExit</a>
 <LI><a href="#[3f5]">_ProcessMotion</a>
 <LI><a href="#[3f4]">_SavePrivateContextOnDemand</a>
 <LI><a href="#[3ee]">_Screen2hWin</a>
 <LI><a href="#[3f3]">_StartMotionTimer</a>
 <LI><a href="#[3ef]">_StopMotionOnHit</a>
 <LI><a href="#[117]">_cbMotion</a>
 <LI><a href="#[138]">_cbTimer</a>
 <LI><a href="#[3d4]">WM__PaintWinAndOverlays</a>
 <LI><a href="#[395]">_Exec1Draw</a>
 <LI><a href="#[394]">_Exec1Input</a>
 <LI><a href="#[3cf]">_Findx0</a>
 <LI><a href="#[3d0]">_Findx1</a>
 <LI><a href="#[3ce]">_Findy1</a>
 <LI><a href="#[3b1]">_Invalidate1Abs</a>
 <LI><a href="#[115]">_OnExit</a>
 <LI><a href="#[3d6]">_Paint1Trans</a>
 <LI><a href="#[3d5]">_PaintTransChildren</a>
 <LI><a href="#[3ca]">_SetClipRectUserIntersect</a>
 <LI><a href="#[114]">_cbBackWin</a>
 <LI><a href="#[118]">_cbPaintMemDev</a>
 <LI><a href="#[1a0]">_MULTIBUF_Begin</a>
 <LI><a href="#[1a1]">_MULTIBUF_End</a>
 <LI><a href="#[399]">_GetDialogItem</a>
 <LI><a href="#[3d2]">_MoveDescendants</a>
 <LI><a href="#[338]">_GetMaxValue</a>
 <LI><a href="#[11f]">_Draw</a>
 <LI><a href="#[167]">_DrawBitmap_RLEAlpha</a>
 <LI><a href="#[11e]">_DrawClip</a>
 <LI><a href="#[247]">_AddFreeMemory</a>
 <LI><a href="#[244]">_Alloc</a>
 <LI><a href="#[3da]">_EnlargeBlocks</a>
 <LI><a href="#[248]">_InitOnce</a>
 <LI><a href="#[24a]">_RemoveFreeBlock</a>
 <LI><a href="#[249]">_RemoveHoles</a>
 <LI><a href="#[10a]">_OnExit</a>
 <LI><a href="#[3dc]">_BS_Allocate</a>
 <LI><a href="#[2db]">_BS_Append</a>
 <LI><a href="#[2df]">_BS_AppendBytes</a>
 <LI><a href="#[2de]">_BS_AppendNum</a>
 <LI><a href="#[3dd]">_BS_Delete</a>
 <LI><a href="#[2d7]">_Eat8</a>
 <LI><a href="#[2d8]">_EatAn</a>
 <LI><a href="#[2e2]">_FRAME_FILLER_Next</a>
 <LI><a href="#[2dc]">_Free</a>
 <LI><a href="#[2e0]">_InitRS</a>
 <LI><a href="#[3fc]">_Malloc</a>
 <LI><a href="#[2e6]">_QR_CalcN1N3</a>
 <LI><a href="#[2e5]">_QR_CalcRunLength</a>
 <LI><a href="#[2dd]">_QR_INPUT_Delete</a>
 <LI><a href="#[2da]">_QR_INPUT_EncodeBitStream</a>
 <LI><a href="#[2d9]">_QR_INPUT_LIST_CreateEntry</a>
 <LI><a href="#[3fe]">_QR_INPUT_LIST_DeleteEntry</a>
 <LI><a href="#[100]">_QR_Mask0</a>
 <LI><a href="#[101]">_QR_Mask1</a>
 <LI><a href="#[102]">_QR_Mask2</a>
 <LI><a href="#[103]">_QR_Mask3</a>
 <LI><a href="#[104]">_QR_Mask4</a>
 <LI><a href="#[105]">_QR_Mask5</a>
 <LI><a href="#[106]">_QR_Mask6</a>
 <LI><a href="#[107]">_QR_Mask7</a>
 <LI><a href="#[2e3]">_QR_RAW_Delete</a>
 <LI><a href="#[2e1]">_RS_BLOCK_InitBlock</a>
 <LI><a href="#[166]">_CallDrawBitmapHW</a>
 <LI><a href="#[3de]">_DoClipping</a>
 <LI><a href="#[3e7]">_DrawBitmap</a>
 <LI><a href="#[165]">_DrawBitmap_M8888I</a>
 <LI><a href="#[10]">_SetPixelAlpha</a>
 <LI><a href="#[191]">_Color2IndexBulk_M8888I</a>
 <LI><a href="#[18f]">_Color2Index_M8888I</a>
 <LI><a href="#[190]">_GetIndexMask_M8888I</a>
 <LI><a href="#[192]">_Index2ColorBulk_M8888I</a>
 <LI><a href="#[214]">_DrawLine1Ex</a>
 <LI><a href="#[3ea]">_SetLineColor</a>
 <LI><a href="#[fd]">_OnExit</a>
 <LI><a href="#[fb]">_ExecAnimations</a>
 <LI><a href="#[fa]">_OnExit</a>
 <LI><a href="#[254]">_Start</a>
 <LI><a href="#[3ec]">_StopAuto</a>
 <LI><a href="#[2cb]">_Convert16</a>
 <LI><a href="#[2cd]">_Convert8</a>
 <LI><a href="#[2bf]">_CreateStaticDevice</a>
 <LI><a href="#[177]">_DrawBitmap</a>
 <LI><a href="#[178]">_DrawHLine</a>
 <LI><a href="#[179]">_DrawVLine</a>
 <LI><a href="#[17a]">_FillRect</a>
 <LI><a href="#[181]">_GetDevData</a>
 <LI><a href="#[17f]">_GetDevFunc</a>
 <LI><a href="#[180]">_GetDevProp</a>
 <LI><a href="#[17b]">_GetPixelIndex</a>
 <LI><a href="#[182]">_GetRect</a>
 <LI><a href="#[17e]">_SetOrg</a>
 <LI><a href="#[17c]">_SetPixelIndex</a>
 <LI><a href="#[3e9]">_XY2PTR</a>
 <LI><a href="#[17d]">_XorPixel</a>
 <LI><a href="#[155]">GUI_USAGE_BM_AddHLine</a>
 <LI><a href="#[154]">GUI_USAGE_BM_AddPixel</a>
 <LI><a href="#[156]">GUI_USAGE_BM_Clear</a>
 <LI><a href="#[158]">GUI_USAGE_BM_GetNextDirty</a>
 <LI><a href="#[157]">_GUI_USAGE_BM_Delete</a>
 <LI><a href="#[19c]">_DrawBitmap</a>
 <LI><a href="#[19d]">_GetXSize</a>
 <LI><a href="#[19e]">_GetYSize</a>
 <LI><a href="#[195]">_DrawDown</a>
 <LI><a href="#[196]">_DrawDownRect</a>
 <LI><a href="#[197]">_DrawFlat</a>
 <LI><a href="#[193]">_DrawUp</a>
 <LI><a href="#[194]">_DrawUpRect</a>
 <LI><a href="#[19a]">_DrawDown</a>
 <LI><a href="#[19b]">_DrawDownRect</a>
 <LI><a href="#[198]">_DrawUp</a>
 <LI><a href="#[199]">_DrawUpRect</a>
 <LI><a href="#[3c1]">_Screen2hWin</a>
 <LI><a href="#[3c4]">_GetPrevChild</a>
 <LI><a href="#[3c3]">_GetNextChild</a>
 <LI><a href="#[112]">_cbInvalidateOne</a>
 <LI><a href="#[11b]">_OnExit</a>
 <LI><a href="#[10d]">_OnExit</a>
 <LI><a href="#[230]">_GetTaskNo</a>
 <LI><a href="#[f7]">_OnExit</a>
 <LI><a href="#[1a5]">_SetBkColor</a>
 <LI><a href="#[1a4]">_SetColor</a>
 <LI><a href="#[1a6]">_SetDrawMode</a>
 <LI><a href="#[21c]">_Add</a>
 <LI><a href="#[286]">_DrawGradient</a>
 <LI><a href="#[300]">_Link</a>
 <LI><a href="#[109]">_OnExit</a>
 <LI><a href="#[302]">_Unlink</a>
 <LI><a href="#[185]">_CalcSizeOfChar</a>
 <LI><a href="#[186]">_Encode</a>
 <LI><a href="#[183]">_GetCharCode</a>
 <LI><a href="#[184]">_GetCharSize</a>
 <LI><a href="#[18d]">_Color2IndexBulk</a>
 <LI><a href="#[18a]">_Color2Index_8888</a>
 <LI><a href="#[18c]">_GetIndexMask_8888</a>
 <LI><a href="#[18e]">_Index2ColorBulk</a>
 <LI><a href="#[fe]">_OnExit</a>
 <LI><a href="#[321]">_DispLine</a>
 <LI><a href="#[1a3]">_DrawNonExistingCharacter_Dummy</a>
 <LI><a href="#[1a2]">_GetNonExistingCharWidth_Dummy</a>
 <LI><a href="#[10c]">_OnExit</a>
 <LI><a href="#[288]">_DrawRect</a>
 <LI><a href="#[325]">_GetTwinArcPara</a>
 <LI><a href="#[e]">_DrawCharAA4_Trans</a>
 <LI><a href="#[f9]">_DrawHLine</a>
 <LI><a href="#[23c]">_FlushLine</a>
 <LI><a href="#[f8]">_OnExit</a>
 <LI><a href="#[2c7]">_WriteToActiveAlpha</a>
 <LI><a href="#[187]">_Color2Index_0</a>
 <LI><a href="#[189]">_GetIndexMask_0</a>
 <LI><a href="#[188]">_Index2Color_0</a>
 <LI><a href="#[2ea]">LCD_ReadRectEx</a>
 <LI><a href="#[31a]">_ConstructContext</a>
 <LI><a href="#[3e3]">_DecideParaLevel</a>
 <LI><a href="#[319]">_DoJoiningAndDecoding</a>
 <LI><a href="#[31d]">_DropContext</a>
 <LI><a href="#[3eb]">_Free</a>
 <LI><a href="#[316]">_GetAttribs</a>
 <LI><a href="#[3e5]">_GetNextChar</a>
 <LI><a href="#[402]">_IsPriorContextL</a>
 <LI><a href="#[403]">_IsPriorContextRANEN</a>
 <LI><a href="#[31c]">_ReorderAndMirror</a>
 <LI><a href="#[401]">_ReverseRange</a>
 <LI><a href="#[404]">_SetBracketPairBC</a>
 <LI><a href="#[31b]">_UBA</a>
 <LI><a href="#[143]">_UBA_Empty</a>
 <LI><a href="#[13b]">_UBA_ResolveAL</a>
 <LI><a href="#[139]">_UBA_ResolveCombiningMarks</a>
 <LI><a href="#[13f]">_UBA_ResolveEN</a>
 <LI><a href="#[13e]">_UBA_ResolveESCSET</a>
 <LI><a href="#[13a]">_UBA_ResolveEuropeanNumbers</a>
 <LI><a href="#[141]">_UBA_ResolveNeutralsByContext</a>
 <LI><a href="#[142]">_UBA_ResolveNeutralsByLevel</a>
 <LI><a href="#[140]">_UBA_ResolvePairedBrackets</a>
 <LI><a href="#[13c]">_UBA_ResolveSeparators</a>
 <LI><a href="#[13d]">_UBA_ResolveTerminators</a>
 <LI><a href="#[400]">_UBA_RuleDispatch</a>
 <LI><a href="#[328]">_GetLigature</a>
 <LI><a href="#[327]">_GetTableIndex</a>
 <LI><a href="#[2f3]">_CreateBuffer</a>
 <LI><a href="#[3f7]">_FlushBuffer</a>
 <LI><a href="#[2f5]">_GetBkIndex</a>
 <LI><a href="#[2f6]">_GetBkIndexAlpha</a>
 <LI><a href="#[2f2]">_GetDeviceRect</a>
 <LI><a href="#[2f7]">_ReleaseBuffer</a>
 <LI><a href="#[2f4]">_SetBkIndexBuffered</a>
</UL>
</UL>
<P>
<H3>
Mutually Recursive functions
</H3> <LI><a href="#[3b0]">WM__InvalidateRect</a>&nbsp;&nbsp;&nbsp;&rArr;&nbsp;&nbsp;&nbsp;<a href="#[3b0]">WM__InvalidateRect</a><BR>
 <LI><a href="#[3b3]">WM_InvalidateWindowAndDescsEx</a>&nbsp;&nbsp;&nbsp;&rArr;&nbsp;&nbsp;&nbsp;<a href="#[3b3]">WM_InvalidateWindowAndDescsEx</a><BR>
 <LI><a href="#[3ad]">WM__InvalidateDrawAndDescs</a>&nbsp;&nbsp;&nbsp;&rArr;&nbsp;&nbsp;&nbsp;<a href="#[3ad]">WM__InvalidateDrawAndDescs</a><BR>
 <LI><a href="#[38f]">WM__SendMessage</a>&nbsp;&nbsp;&nbsp;&rArr;&nbsp;&nbsp;&nbsp;<a href="#[1d4]">WM_DefaultProc</a><BR>
 <LI><a href="#[3be]">WM_ResizeWindow</a>&nbsp;&nbsp;&nbsp;&rArr;&nbsp;&nbsp;&nbsp;<a href="#[37c]">WM__UpdateChildPositions</a><BR>
 <LI><a href="#[3d2]">_MoveDescendants</a>&nbsp;&nbsp;&nbsp;&rArr;&nbsp;&nbsp;&nbsp;<a href="#[3d2]">_MoveDescendants</a><BR>
 <LI><a href="#[396]">WM__ForEachDesc</a>&nbsp;&nbsp;&nbsp;&rArr;&nbsp;&nbsp;&nbsp;<a href="#[396]">WM__ForEachDesc</a><BR>
 <LI><a href="#[3da]">_EnlargeBlocks</a>&nbsp;&nbsp;&nbsp;&rArr;&nbsp;&nbsp;&nbsp;<a href="#[244]">_Alloc</a><BR>
 <LI><a href="#[3ce]">_Findy1</a>&nbsp;&nbsp;&nbsp;&rArr;&nbsp;&nbsp;&nbsp;<a href="#[3ce]">_Findy1</a><BR>
 <LI><a href="#[3d0]">_Findx1</a>&nbsp;&nbsp;&nbsp;&rArr;&nbsp;&nbsp;&nbsp;<a href="#[3d0]">_Findx1</a><BR>
 <LI><a href="#[3cf]">_Findx0</a>&nbsp;&nbsp;&nbsp;&rArr;&nbsp;&nbsp;&nbsp;<a href="#[3cf]">_Findx0</a><BR>
 <LI><a href="#[226]">GUIPROP_EXT__FindChar</a>&nbsp;&nbsp;&nbsp;&rArr;&nbsp;&nbsp;&nbsp;<a href="#[226]">GUIPROP_EXT__FindChar</a><BR>
 <LI><a href="#[3e3]">_DecideParaLevel</a>&nbsp;&nbsp;&nbsp;&rArr;&nbsp;&nbsp;&nbsp;<a href="#[3e3]">_DecideParaLevel</a><BR>
 <LI><a href="#[3c1]">_Screen2hWin</a>&nbsp;&nbsp;&nbsp;&rArr;&nbsp;&nbsp;&nbsp;<a href="#[3c1]">_Screen2hWin</a><BR>
 <LI><a href="#[26d]">WM_DeleteWindow</a>&nbsp;&nbsp;&nbsp;&rArr;&nbsp;&nbsp;&nbsp;<a href="#[26d]">WM_DeleteWindow</a><BR>
 <LI><a href="#[3d5]">_PaintTransChildren</a>&nbsp;&nbsp;&nbsp;&rArr;&nbsp;&nbsp;&nbsp;<a href="#[3d5]">_PaintTransChildren</a><BR>
 <LI><a href="#[3b2]">WM_InvalidateWindowAndDescs</a>&nbsp;&nbsp;&nbsp;&rArr;&nbsp;&nbsp;&nbsp;<a href="#[3b2]">WM_InvalidateWindowAndDescs</a><BR>
 <LI><a href="#[399]">_GetDialogItem</a>&nbsp;&nbsp;&nbsp;&rArr;&nbsp;&nbsp;&nbsp;<a href="#[399]">_GetDialogItem</a><BR>
 <LI><a href="#[2da]">_QR_INPUT_EncodeBitStream</a>&nbsp;&nbsp;&nbsp;&rArr;&nbsp;&nbsp;&nbsp;<a href="#[2da]">_QR_INPUT_EncodeBitStream</a><BR>
 <LI><a href="#[191]">_Color2IndexBulk_M8888I</a>&nbsp;&nbsp;&nbsp;&rArr;&nbsp;&nbsp;&nbsp;<a href="#[191]">_Color2IndexBulk_M8888I</a><BR>
 <LI><a href="#[192]">_Index2ColorBulk_M8888I</a>&nbsp;&nbsp;&nbsp;&rArr;&nbsp;&nbsp;&nbsp;<a href="#[192]">_Index2ColorBulk_M8888I</a><BR>
</UL>
<P>
<H3>
Function Pointers
</H3><UL>
 <LI><a href="#[97]">ACMP1_IRQHandler</a> from startup_mimxrt1062.o(.text) referenced from startup_mimxrt1062.o(.isr_vector)
 <LI><a href="#[98]">ACMP2_IRQHandler</a> from startup_mimxrt1062.o(.text) referenced from startup_mimxrt1062.o(.isr_vector)
 <LI><a href="#[99]">ACMP3_IRQHandler</a> from startup_mimxrt1062.o(.text) referenced from startup_mimxrt1062.o(.isr_vector)
 <LI><a href="#[9a]">ACMP4_IRQHandler</a> from startup_mimxrt1062.o(.text) referenced from startup_mimxrt1062.o(.isr_vector)
 <LI><a href="#[5f]">ADC1_IRQHandler</a> from startup_mimxrt1062.o(.text) referenced from startup_mimxrt1062.o(.isr_vector)
 <LI><a href="#[60]">ADC2_IRQHandler</a> from startup_mimxrt1062.o(.text) referenced from startup_mimxrt1062.o(.isr_vector)
 <LI><a href="#[95]">ADC_ETC_ERROR_IRQ_IRQHandler</a> from startup_mimxrt1062.o(.text) referenced from startup_mimxrt1062.o(.isr_vector)
 <LI><a href="#[92]">ADC_ETC_IRQ0_IRQHandler</a> from startup_mimxrt1062.o(.text) referenced from startup_mimxrt1062.o(.isr_vector)
 <LI><a href="#[93]">ADC_ETC_IRQ1_IRQHandler</a> from startup_mimxrt1062.o(.text) referenced from startup_mimxrt1062.o(.isr_vector)
 <LI><a href="#[94]">ADC_ETC_IRQ2_IRQHandler</a> from startup_mimxrt1062.o(.text) referenced from startup_mimxrt1062.o(.isr_vector)
 <LI><a href="#[53]">BEE_IRQHandler</a> from startup_mimxrt1062.o(.text) referenced from startup_mimxrt1062.o(.isr_vector)
 <LI><a href="#[f3]">BUTTON_Callback</a> from BUTTON.o(.text.BUTTON_Callback) referenced 2 times from BUTTON.o(.text.BUTTON_CreateUser)
 <LI><a href="#[1a8]">BUTTON_CreateIndirect</a> from BUTTON.o(.text.BUTTON_CreateIndirect) referenced 3 times from weather.o(.rodata._aDialogCreate)
 <LI><a href="#[0]">BUTTON_DrawSkinFlex</a> from BUTTON_SkinFlex.o(.text.BUTTON_DrawSkinFlex) referenced 2 times from BUTTON.o(.data.BUTTON__DefaultProps)
 <LI><a href="#[145]">BUTTON_SetBitmapEx</a> from BUTTON_Bitmap.o(.text.BUTTON_SetBitmapEx) referenced from emwin_slide_show.o(.text._cbBk)
 <LI><a href="#[16]">BusFault_Handler</a> from startup_mimxrt1062.o(.text) referenced from startup_mimxrt1062.o(.isr_vector)
 <LI><a href="#[de]">CAN1_DriverIRQHandler</a> from startup_mimxrt1062.o(.text) referenced from startup_mimxrt1062.o(.text)
 <LI><a href="#[40]">CAN1_IRQHandler</a> from startup_mimxrt1062.o(.text) referenced from startup_mimxrt1062.o(.isr_vector)
 <LI><a href="#[df]">CAN2_DriverIRQHandler</a> from startup_mimxrt1062.o(.text) referenced from startup_mimxrt1062.o(.text)
 <LI><a href="#[41]">CAN2_IRQHandler</a> from startup_mimxrt1062.o(.text) referenced from startup_mimxrt1062.o(.isr_vector)
 <LI><a href="#[ef]">CAN3_DriverIRQHandler</a> from startup_mimxrt1062.o(.text) referenced from startup_mimxrt1062.o(.text)
 <LI><a href="#[b6]">CAN3_IRQHandler</a> from startup_mimxrt1062.o(.text) referenced from startup_mimxrt1062.o(.isr_vector)
 <LI><a href="#[7b]">CCM_1_IRQHandler</a> from startup_mimxrt1062.o(.text) referenced from startup_mimxrt1062.o(.isr_vector)
 <LI><a href="#[7c]">CCM_2_IRQHandler</a> from startup_mimxrt1062.o(.text) referenced from startup_mimxrt1062.o(.isr_vector)
 <LI><a href="#[f1]">CLOCK_SetDiv</a> from clock_config.o(.text.CLOCK_SetDiv) referenced from clock_config.o(.text.BOARD_BootClockRUN)
 <LI><a href="#[f2]">CLOCK_SetMux</a> from clock_config.o(.text.CLOCK_SetMux) referenced from clock_config.o(.text.BOARD_BootClockRUN)
 <LI><a href="#[2f]">CORE_IRQHandler</a> from startup_mimxrt1062.o(.text) referenced from startup_mimxrt1062.o(.isr_vector)
 <LI><a href="#[47]">CSI_IRQHandler</a> from startup_mimxrt1062.o(.text) referenced from startup_mimxrt1062.o(.isr_vector)
 <LI><a href="#[4d]">CSU_IRQHandler</a> from startup_mimxrt1062.o(.text) referenced from startup_mimxrt1062.o(.isr_vector)
 <LI><a href="#[2d]">CTI0_ERROR_IRQHandler</a> from startup_mimxrt1062.o(.text) referenced from startup_mimxrt1062.o(.isr_vector)
 <LI><a href="#[2e]">CTI1_ERROR_IRQHandler</a> from startup_mimxrt1062.o(.text) referenced from startup_mimxrt1062.o(.isr_vector)
 <LI><a href="#[61]">DCDC_IRQHandler</a> from startup_mimxrt1062.o(.text) referenced from startup_mimxrt1062.o(.isr_vector)
 <LI><a href="#[4e]">DCP_IRQHandler</a> from startup_mimxrt1062.o(.text) referenced from startup_mimxrt1062.o(.isr_vector)
 <LI><a href="#[4f]">DCP_VMI_IRQHandler</a> from startup_mimxrt1062.o(.text) referenced from startup_mimxrt1062.o(.isr_vector)
 <LI><a href="#[bd]">DMA0_DMA16_DriverIRQHandler</a> from startup_mimxrt1062.o(.text) referenced from startup_mimxrt1062.o(.text)
 <LI><a href="#[1c]">DMA0_DMA16_IRQHandler</a> from startup_mimxrt1062.o(.text) referenced from startup_mimxrt1062.o(.isr_vector)
 <LI><a href="#[c7]">DMA10_DMA26_DriverIRQHandler</a> from startup_mimxrt1062.o(.text) referenced from startup_mimxrt1062.o(.text)
 <LI><a href="#[26]">DMA10_DMA26_IRQHandler</a> from startup_mimxrt1062.o(.text) referenced from startup_mimxrt1062.o(.isr_vector)
 <LI><a href="#[c8]">DMA11_DMA27_DriverIRQHandler</a> from startup_mimxrt1062.o(.text) referenced from startup_mimxrt1062.o(.text)
 <LI><a href="#[27]">DMA11_DMA27_IRQHandler</a> from startup_mimxrt1062.o(.text) referenced from startup_mimxrt1062.o(.isr_vector)
 <LI><a href="#[c9]">DMA12_DMA28_DriverIRQHandler</a> from startup_mimxrt1062.o(.text) referenced from startup_mimxrt1062.o(.text)
 <LI><a href="#[28]">DMA12_DMA28_IRQHandler</a> from startup_mimxrt1062.o(.text) referenced from startup_mimxrt1062.o(.isr_vector)
 <LI><a href="#[ca]">DMA13_DMA29_DriverIRQHandler</a> from startup_mimxrt1062.o(.text) referenced from startup_mimxrt1062.o(.text)
 <LI><a href="#[29]">DMA13_DMA29_IRQHandler</a> from startup_mimxrt1062.o(.text) referenced from startup_mimxrt1062.o(.isr_vector)
 <LI><a href="#[cb]">DMA14_DMA30_DriverIRQHandler</a> from startup_mimxrt1062.o(.text) referenced from startup_mimxrt1062.o(.text)
 <LI><a href="#[2a]">DMA14_DMA30_IRQHandler</a> from startup_mimxrt1062.o(.text) referenced from startup_mimxrt1062.o(.isr_vector)
 <LI><a href="#[cc]">DMA15_DMA31_DriverIRQHandler</a> from startup_mimxrt1062.o(.text) referenced from startup_mimxrt1062.o(.text)
 <LI><a href="#[2b]">DMA15_DMA31_IRQHandler</a> from startup_mimxrt1062.o(.text) referenced from startup_mimxrt1062.o(.isr_vector)
 <LI><a href="#[be]">DMA1_DMA17_DriverIRQHandler</a> from startup_mimxrt1062.o(.text) referenced from startup_mimxrt1062.o(.text)
 <LI><a href="#[1d]">DMA1_DMA17_IRQHandler</a> from startup_mimxrt1062.o(.text) referenced from startup_mimxrt1062.o(.isr_vector)
 <LI><a href="#[bf]">DMA2_DMA18_DriverIRQHandler</a> from startup_mimxrt1062.o(.text) referenced from startup_mimxrt1062.o(.text)
 <LI><a href="#[1e]">DMA2_DMA18_IRQHandler</a> from startup_mimxrt1062.o(.text) referenced from startup_mimxrt1062.o(.isr_vector)
 <LI><a href="#[c0]">DMA3_DMA19_DriverIRQHandler</a> from startup_mimxrt1062.o(.text) referenced from startup_mimxrt1062.o(.text)
 <LI><a href="#[1f]">DMA3_DMA19_IRQHandler</a> from startup_mimxrt1062.o(.text) referenced from startup_mimxrt1062.o(.isr_vector)
 <LI><a href="#[c1]">DMA4_DMA20_DriverIRQHandler</a> from startup_mimxrt1062.o(.text) referenced from startup_mimxrt1062.o(.text)
 <LI><a href="#[20]">DMA4_DMA20_IRQHandler</a> from startup_mimxrt1062.o(.text) referenced from startup_mimxrt1062.o(.isr_vector)
 <LI><a href="#[c2]">DMA5_DMA21_DriverIRQHandler</a> from startup_mimxrt1062.o(.text) referenced from startup_mimxrt1062.o(.text)
 <LI><a href="#[21]">DMA5_DMA21_IRQHandler</a> from startup_mimxrt1062.o(.text) referenced from startup_mimxrt1062.o(.isr_vector)
 <LI><a href="#[c3]">DMA6_DMA22_DriverIRQHandler</a> from startup_mimxrt1062.o(.text) referenced from startup_mimxrt1062.o(.text)
 <LI><a href="#[22]">DMA6_DMA22_IRQHandler</a> from startup_mimxrt1062.o(.text) referenced from startup_mimxrt1062.o(.isr_vector)
 <LI><a href="#[c4]">DMA7_DMA23_DriverIRQHandler</a> from startup_mimxrt1062.o(.text) referenced from startup_mimxrt1062.o(.text)
 <LI><a href="#[23]">DMA7_DMA23_IRQHandler</a> from startup_mimxrt1062.o(.text) referenced from startup_mimxrt1062.o(.isr_vector)
 <LI><a href="#[c5]">DMA8_DMA24_DriverIRQHandler</a> from startup_mimxrt1062.o(.text) referenced from startup_mimxrt1062.o(.text)
 <LI><a href="#[24]">DMA8_DMA24_IRQHandler</a> from startup_mimxrt1062.o(.text) referenced from startup_mimxrt1062.o(.isr_vector)
 <LI><a href="#[c6]">DMA9_DMA25_DriverIRQHandler</a> from startup_mimxrt1062.o(.text) referenced from startup_mimxrt1062.o(.text)
 <LI><a href="#[25]">DMA9_DMA25_IRQHandler</a> from startup_mimxrt1062.o(.text) referenced from startup_mimxrt1062.o(.isr_vector)
 <LI><a href="#[cd]">DMA_ERROR_DriverIRQHandler</a> from startup_mimxrt1062.o(.text) referenced from startup_mimxrt1062.o(.text)
 <LI><a href="#[2c]">DMA_ERROR_IRQHandler</a> from startup_mimxrt1062.o(.text) referenced from startup_mimxrt1062.o(.isr_vector)
 <LI><a href="#[19]">DebugMon_Handler</a> from startup_mimxrt1062.o(.text) referenced from startup_mimxrt1062.o(.isr_vector)
 <LI><a href="#[11]">DefaultISR</a> from startup_mimxrt1062.o(.text) referenced 2 times from fsl_lpuart.o(.data.s_lpuartIsr)
 <LI><a href="#[11]">DefaultISR</a> from startup_mimxrt1062.o(.text) referenced 81 times from startup_mimxrt1062.o(.isr_vector)
 <LI><a href="#[9d]">ENC1_IRQHandler</a> from startup_mimxrt1062.o(.text) referenced from startup_mimxrt1062.o(.isr_vector)
 <LI><a href="#[9e]">ENC2_IRQHandler</a> from startup_mimxrt1062.o(.text) referenced from startup_mimxrt1062.o(.isr_vector)
 <LI><a href="#[9f]">ENC3_IRQHandler</a> from startup_mimxrt1062.o(.text) referenced from startup_mimxrt1062.o(.isr_vector)
 <LI><a href="#[a0]">ENC4_IRQHandler</a> from startup_mimxrt1062.o(.text) referenced from startup_mimxrt1062.o(.isr_vector)
 <LI><a href="#[ee]">ENET2_1588_Timer_DriverIRQHandler</a> from startup_mimxrt1062.o(.text) referenced from startup_mimxrt1062.o(.text)
 <LI><a href="#[b5]">ENET2_1588_Timer_IRQHandler</a> from startup_mimxrt1062.o(.text) referenced from startup_mimxrt1062.o(.isr_vector)
 <LI><a href="#[ed]">ENET2_DriverIRQHandler</a> from startup_mimxrt1062.o(.text) referenced from startup_mimxrt1062.o(.text)
 <LI><a href="#[b4]">ENET2_IRQHandler</a> from startup_mimxrt1062.o(.text) referenced from startup_mimxrt1062.o(.isr_vector)
 <LI><a href="#[ec]">ENET_1588_Timer_DriverIRQHandler</a> from startup_mimxrt1062.o(.text) referenced from startup_mimxrt1062.o(.text)
 <LI><a href="#[8f]">ENET_1588_Timer_IRQHandler</a> from startup_mimxrt1062.o(.text) referenced from startup_mimxrt1062.o(.isr_vector)
 <LI><a href="#[eb]">ENET_DriverIRQHandler</a> from startup_mimxrt1062.o(.text) referenced from startup_mimxrt1062.o(.text)
 <LI><a href="#[8e]">ENET_IRQHandler</a> from startup_mimxrt1062.o(.text) referenced from startup_mimxrt1062.o(.isr_vector)
 <LI><a href="#[7a]">EWM_IRQHandler</a> from startup_mimxrt1062.o(.text) referenced from startup_mimxrt1062.o(.isr_vector)
 <LI><a href="#[e5]">FLEXIO1_DriverIRQHandler</a> from startup_mimxrt1062.o(.text) referenced from startup_mimxrt1062.o(.text)
 <LI><a href="#[76]">FLEXIO1_IRQHandler</a> from startup_mimxrt1062.o(.text) referenced from startup_mimxrt1062.o(.isr_vector)
 <LI><a href="#[e6]">FLEXIO2_DriverIRQHandler</a> from startup_mimxrt1062.o(.text) referenced from startup_mimxrt1062.o(.text)
 <LI><a href="#[77]">FLEXIO2_IRQHandler</a> from startup_mimxrt1062.o(.text) referenced from startup_mimxrt1062.o(.isr_vector)
 <LI><a href="#[f0]">FLEXIO3_DriverIRQHandler</a> from startup_mimxrt1062.o(.text) referenced from startup_mimxrt1062.o(.text)
 <LI><a href="#[b8]">FLEXIO3_IRQHandler</a> from startup_mimxrt1062.o(.text) referenced from startup_mimxrt1062.o(.isr_vector)
 <LI><a href="#[42]">FLEXRAM_IRQHandler</a> from startup_mimxrt1062.o(.text) referenced from startup_mimxrt1062.o(.isr_vector)
 <LI><a href="#[e7]">FLEXSPI2_DriverIRQHandler</a> from startup_mimxrt1062.o(.text) referenced from startup_mimxrt1062.o(.text)
 <LI><a href="#[87]">FLEXSPI2_IRQHandler</a> from startup_mimxrt1062.o(.text) referenced from startup_mimxrt1062.o(.isr_vector)
 <LI><a href="#[e8]">FLEXSPI_DriverIRQHandler</a> from startup_mimxrt1062.o(.text) referenced from startup_mimxrt1062.o(.text)
 <LI><a href="#[88]">FLEXSPI_IRQHandler</a> from startup_mimxrt1062.o(.text) referenced from startup_mimxrt1062.o(.isr_vector)
 <LI><a href="#[7d]">GPC_IRQHandler</a> from startup_mimxrt1062.o(.text) referenced from startup_mimxrt1062.o(.isr_vector)
 <LI><a href="#[6c]">GPIO1_Combined_0_15_IRQHandler</a> from startup_mimxrt1062.o(.text) referenced from startup_mimxrt1062.o(.isr_vector)
 <LI><a href="#[6d]">GPIO1_Combined_16_31_IRQHandler</a> from startup_mimxrt1062.o(.text) referenced from startup_mimxrt1062.o(.isr_vector)
 <LI><a href="#[64]">GPIO1_INT0_IRQHandler</a> from startup_mimxrt1062.o(.text) referenced from startup_mimxrt1062.o(.isr_vector)
 <LI><a href="#[65]">GPIO1_INT1_IRQHandler</a> from startup_mimxrt1062.o(.text) referenced from startup_mimxrt1062.o(.isr_vector)
 <LI><a href="#[66]">GPIO1_INT2_IRQHandler</a> from startup_mimxrt1062.o(.text) referenced from startup_mimxrt1062.o(.isr_vector)
 <LI><a href="#[67]">GPIO1_INT3_IRQHandler</a> from startup_mimxrt1062.o(.text) referenced from startup_mimxrt1062.o(.isr_vector)
 <LI><a href="#[68]">GPIO1_INT4_IRQHandler</a> from startup_mimxrt1062.o(.text) referenced from startup_mimxrt1062.o(.isr_vector)
 <LI><a href="#[69]">GPIO1_INT5_IRQHandler</a> from startup_mimxrt1062.o(.text) referenced from startup_mimxrt1062.o(.isr_vector)
 <LI><a href="#[6a]">GPIO1_INT6_IRQHandler</a> from startup_mimxrt1062.o(.text) referenced from startup_mimxrt1062.o(.isr_vector)
 <LI><a href="#[6b]">GPIO1_INT7_IRQHandler</a> from startup_mimxrt1062.o(.text) referenced from startup_mimxrt1062.o(.isr_vector)
 <LI><a href="#[6e]">GPIO2_Combined_0_15_IRQHandler</a> from startup_mimxrt1062.o(.text) referenced from startup_mimxrt1062.o(.isr_vector)
 <LI><a href="#[6f]">GPIO2_Combined_16_31_IRQHandler</a> from startup_mimxrt1062.o(.text) referenced from startup_mimxrt1062.o(.isr_vector)
 <LI><a href="#[70]">GPIO3_Combined_0_15_IRQHandler</a> from startup_mimxrt1062.o(.text) referenced from startup_mimxrt1062.o(.isr_vector)
 <LI><a href="#[71]">GPIO3_Combined_16_31_IRQHandler</a> from startup_mimxrt1062.o(.text) referenced from startup_mimxrt1062.o(.isr_vector)
 <LI><a href="#[72]">GPIO4_Combined_0_15_IRQHandler</a> from startup_mimxrt1062.o(.text) referenced from startup_mimxrt1062.o(.isr_vector)
 <LI><a href="#[73]">GPIO4_Combined_16_31_IRQHandler</a> from startup_mimxrt1062.o(.text) referenced from startup_mimxrt1062.o(.isr_vector)
 <LI><a href="#[74]">GPIO5_Combined_0_15_IRQHandler</a> from startup_mimxrt1062.o(.text) referenced from startup_mimxrt1062.o(.isr_vector)
 <LI><a href="#[75]">GPIO5_Combined_16_31_IRQHandler</a> from startup_mimxrt1062.o(.text) referenced from startup_mimxrt1062.o(.isr_vector)
 <LI><a href="#[b9]">GPIO6_7_8_9_IRQHandler</a> from startup_mimxrt1062.o(.text) referenced from startup_mimxrt1062.o(.isr_vector)
 <LI><a href="#[45]">GPR_IRQ_IRQHandler</a> from startup_mimxrt1062.o(.text) referenced from startup_mimxrt1062.o(.isr_vector)
 <LI><a href="#[80]">GPT1_IRQHandler</a> from startup_mimxrt1062.o(.text) referenced from startup_mimxrt1062.o(.isr_vector)
 <LI><a href="#[81]">GPT2_IRQHandler</a> from startup_mimxrt1062.o(.text) referenced from startup_mimxrt1062.o(.isr_vector)
 <LI><a href="#[16d]">GUIMONO_DispChar</a> from GUI_CharM.o(.text.GUIMONO_DispChar) referenced from F6x8.o(.rodata.GUI_Font6x8)
 <LI><a href="#[16e]">GUIMONO_GetCharDistX</a> from GUI_CharM.o(.text.GUIMONO_GetCharDistX) referenced from F6x8.o(.rodata.GUI_Font6x8)
 <LI><a href="#[16f]">GUIMONO_GetFontInfo</a> from GUI_CharM.o(.text.GUIMONO_GetFontInfo) referenced from F6x8.o(.rodata.GUI_Font6x8)
 <LI><a href="#[170]">GUIMONO_IsInFont</a> from GUI_CharM.o(.text.GUIMONO_IsInFont) referenced from F6x8.o(.rodata.GUI_Font6x8)
 <LI><a href="#[171]">GUIPROP_AA4_EXT_DispChar</a> from GUIAA_Char4Ext.o(.text.GUIPROP_AA4_EXT_DispChar) referenced from aa4_b_100.o(.rodata.GUI_FontAA4_B_100)
 <LI><a href="#[171]">GUIPROP_AA4_EXT_DispChar</a> from GUIAA_Char4Ext.o(.text.GUIPROP_AA4_EXT_DispChar) referenced from aa4_b_20.o(.rodata.GUI_FontAA4_B_20)
 <LI><a href="#[171]">GUIPROP_AA4_EXT_DispChar</a> from GUIAA_Char4Ext.o(.text.GUIPROP_AA4_EXT_DispChar) referenced from aa4_b_40.o(.rodata.GUI_FontAA4_B_40)
 <LI><a href="#[169]">GUIPROP_DispChar</a> from GUI_CharP.o(.text.GUIPROP_DispChar) referenced from F13_1.o(.rodata.GUI_Font13_1)
 <LI><a href="#[176]">GUIPROP_EXT_DispChar</a> from GUI_CharPExt.o(.text.GUIPROP_EXT_DispChar) referenced from font_13_r.o(.rodata.GUI_Font_13_R)
 <LI><a href="#[172]">GUIPROP_EXT_GetCharDistX</a> from GUI_CharPExt.o(.text.GUIPROP_EXT_GetCharDistX) referenced from aa4_b_100.o(.rodata.GUI_FontAA4_B_100)
 <LI><a href="#[172]">GUIPROP_EXT_GetCharDistX</a> from GUI_CharPExt.o(.text.GUIPROP_EXT_GetCharDistX) referenced from aa4_b_20.o(.rodata.GUI_FontAA4_B_20)
 <LI><a href="#[172]">GUIPROP_EXT_GetCharDistX</a> from GUI_CharPExt.o(.text.GUIPROP_EXT_GetCharDistX) referenced from aa4_b_40.o(.rodata.GUI_FontAA4_B_40)
 <LI><a href="#[172]">GUIPROP_EXT_GetCharDistX</a> from GUI_CharPExt.o(.text.GUIPROP_EXT_GetCharDistX) referenced from font_13_r.o(.rodata.GUI_Font_13_R)
 <LI><a href="#[175]">GUIPROP_EXT_GetCharInfo</a> from GUI_CharPExt.o(.text.GUIPROP_EXT_GetCharInfo) referenced from aa4_b_100.o(.rodata.GUI_FontAA4_B_100)
 <LI><a href="#[175]">GUIPROP_EXT_GetCharInfo</a> from GUI_CharPExt.o(.text.GUIPROP_EXT_GetCharInfo) referenced from aa4_b_20.o(.rodata.GUI_FontAA4_B_20)
 <LI><a href="#[175]">GUIPROP_EXT_GetCharInfo</a> from GUI_CharPExt.o(.text.GUIPROP_EXT_GetCharInfo) referenced from aa4_b_40.o(.rodata.GUI_FontAA4_B_40)
 <LI><a href="#[175]">GUIPROP_EXT_GetCharInfo</a> from GUI_CharPExt.o(.text.GUIPROP_EXT_GetCharInfo) referenced from font_13_r.o(.rodata.GUI_Font_13_R)
 <LI><a href="#[173]">GUIPROP_EXT_GetFontInfo</a> from GUI_CharPExt.o(.text.GUIPROP_EXT_GetFontInfo) referenced from aa4_b_100.o(.rodata.GUI_FontAA4_B_100)
 <LI><a href="#[173]">GUIPROP_EXT_GetFontInfo</a> from GUI_CharPExt.o(.text.GUIPROP_EXT_GetFontInfo) referenced from aa4_b_20.o(.rodata.GUI_FontAA4_B_20)
 <LI><a href="#[173]">GUIPROP_EXT_GetFontInfo</a> from GUI_CharPExt.o(.text.GUIPROP_EXT_GetFontInfo) referenced from aa4_b_40.o(.rodata.GUI_FontAA4_B_40)
 <LI><a href="#[173]">GUIPROP_EXT_GetFontInfo</a> from GUI_CharPExt.o(.text.GUIPROP_EXT_GetFontInfo) referenced from font_13_r.o(.rodata.GUI_Font_13_R)
 <LI><a href="#[174]">GUIPROP_EXT_IsInFont</a> from GUI_CharPExt.o(.text.GUIPROP_EXT_IsInFont) referenced from aa4_b_100.o(.rodata.GUI_FontAA4_B_100)
 <LI><a href="#[174]">GUIPROP_EXT_IsInFont</a> from GUI_CharPExt.o(.text.GUIPROP_EXT_IsInFont) referenced from aa4_b_20.o(.rodata.GUI_FontAA4_B_20)
 <LI><a href="#[174]">GUIPROP_EXT_IsInFont</a> from GUI_CharPExt.o(.text.GUIPROP_EXT_IsInFont) referenced from aa4_b_40.o(.rodata.GUI_FontAA4_B_40)
 <LI><a href="#[174]">GUIPROP_EXT_IsInFont</a> from GUI_CharPExt.o(.text.GUIPROP_EXT_IsInFont) referenced from font_13_r.o(.rodata.GUI_Font_13_R)
 <LI><a href="#[d]">GUIPROP_EXT__ClearLine</a> from GUI_EncExt.o(.text.GUIPROP_EXT__ClearLine) referenced 2 times from GUI_EncExt.o(.data._fpClearLine)
 <LI><a href="#[168]">GUIPROP_EXT__DispLine</a> from GUI_EncExt.o(.text.GUIPROP_EXT__DispLine) referenced from GUI_EncExt.o(.rodata.GUI_ENC_APIList_EXT)
 <LI><a href="#[16a]">GUIPROP_GetCharDistX</a> from GUI_CharP.o(.text.GUIPROP_GetCharDistX) referenced from F13_1.o(.rodata.GUI_Font13_1)
 <LI><a href="#[16b]">GUIPROP_GetFontInfo</a> from GUI_CharP.o(.text.GUIPROP_GetFontInfo) referenced from F13_1.o(.rodata.GUI_Font13_1)
 <LI><a href="#[16c]">GUIPROP_IsInFont</a> from GUI_CharP.o(.text.GUIPROP_IsInFont) referenced from F13_1.o(.rodata.GUI_Font13_1)
 <LI><a href="#[11d]">GUI_ANIM__AccelDecel</a> from GUI_ANIM.o(.text.GUI_ANIM__AccelDecel) referenced from emwin_slide_show.o(.text._AnimateCreate)
 <LI><a href="#[147]">GUI_DispStringInRect</a> from GUI_DispString.o(.text.GUI_DispStringInRect) referenced from weather.o(.text._cbButton)
 <LI><a href="#[147]">GUI_DispStringInRect</a> from GUI_DispString.o(.text.GUI_DispStringInRect) referenced from weather.o(.text._cbWinCurrent)
 <LI><a href="#[119]">GUI_MEMDEV_Paint1Static</a> from GUIDEV_StaticDevices.o(.text.GUI_MEMDEV_Paint1Static) referenced 2 times from WM.o(.text.WM__PaintWinAndOverlays)
 <LI><a href="#[119]">GUI_MEMDEV_Paint1Static</a> from GUIDEV_StaticDevices.o(.text.GUI_MEMDEV_Paint1Static) referenced 2 times from WM.o(.text._Paint1Trans)
 <LI><a href="#[14e]">GUI_MEMDEV_Select</a> from GUIDEV.o(.text.GUI_MEMDEV_Select) referenced from alarm.o(.text._cbClock)
 <LI><a href="#[137]">GUI_MEMDEV__WriteToActiveAlpha</a> from GUIDEV_WriteToActiveAlpha.o(.text.GUI_MEMDEV__WriteToActiveAlpha) referenced 2 times from GUIDEV_32.o(.text._GetDevFunc)
 <LI><a href="#[148]">GUI_SetBkColor</a> from GUI_Common.o(.text.GUI_SetBkColor) referenced from alarm.o(.text._cbClock)
 <LI><a href="#[148]">GUI_SetBkColor</a> from GUI_Common.o(.text.GUI_SetBkColor) referenced from weather.o(.text._cbWinCurrent)
 <LI><a href="#[152]">GUI_SetColor</a> from GUI_Common.o(.text.GUI_SetColor) referenced from weather.o(.text._cbWinCurrent)
 <LI><a href="#[108]">GUI_TIMER_Exec</a> from GUI_Timer.o(.text.GUI_TIMER_Exec) referenced 2 times from GUI_Timer.o(.text.GUI_TIMER_Create)
 <LI><a href="#[155]">GUI_USAGE_BM_AddHLine</a> from GUIDEV_UsageBM.o(.text.GUI_USAGE_BM_AddHLine) referenced from GUIDEV_UsageBM.o(.rodata.API)
 <LI><a href="#[154]">GUI_USAGE_BM_AddPixel</a> from GUIDEV_UsageBM.o(.text.GUI_USAGE_BM_AddPixel) referenced from GUIDEV_UsageBM.o(.rodata.API)
 <LI><a href="#[156]">GUI_USAGE_BM_Clear</a> from GUIDEV_UsageBM.o(.text.GUI_USAGE_BM_Clear) referenced from GUIDEV_UsageBM.o(.rodata.API)
 <LI><a href="#[158]">GUI_USAGE_BM_GetNextDirty</a> from GUIDEV_UsageBM.o(.text.GUI_USAGE_BM_GetNextDirty) referenced from GUIDEV_UsageBM.o(.rodata.API)
 <LI><a href="#[3]">GUI__BIDI_Log2VisBuffered</a> from GUI_UC_EnableBIDI.o(.text.GUI__BIDI_Log2VisBuffered) referenced 2 times from GUI_CharLine.o(.data.GUI_CharLine_pfLog2Vis)
 <LI><a href="#[4]">GUI__DrawCharEXT</a> from GUI_EncExt.o(.text.GUI__DrawCharEXT) referenced 2 times from GUI_Core.o(.data.GUI__pfDrawCharEXT)
 <LI><a href="#[7]">GUI__MixColors</a> from GUI__Alpha.o(.text.GUI__MixColors) referenced 2 times from GUI__Alpha.o(.data.GUI__pfMixColors)
 <LI><a href="#[14]">HardFault_Handler</a> from startup_mimxrt1062.o(.text) referenced from startup_mimxrt1062.o(.isr_vector)
 <LI><a href="#[14]">HardFault_Handler</a> from startup_mimxrt1062.o(.text) referenced from startup_mimxrt1062.o(.text)
 <LI><a href="#[43]">KPP_IRQHandler</a> from startup_mimxrt1062.o(.text) referenced from startup_mimxrt1062.o(.isr_vector)
 <LI><a href="#[46]">LCDIF_IRQHandler</a> from emwin_support.o(.text.LCDIF_IRQHandler) referenced from startup_mimxrt1062.o(.isr_vector)
 <LI><a href="#[c]">LCD_AA_MixColors16</a> from LCD_AA.o(.text.LCD_AA_MixColors16) referenced 2 times from LCD_AA.o(.data.LCD_AA_pfMixColors16)
 <LI><a href="#[fc]">LCD_DrawHLine</a> from LCD.o(.text.LCD_DrawHLine) referenced from GUI_Core.o(.rodata._HL_APIList)
 <LI><a href="#[fc]">LCD_DrawHLine</a> from LCD.o(.text.LCD_DrawHLine) referenced 2 times from GUI_DrawGradient.o(.text.GUI_DrawGradientV)
 <LI><a href="#[19f]">LCD_DrawPixel</a> from LCD.o(.text.LCD_DrawPixel) referenced from GUI_Core.o(.rodata._HL_APIList)
 <LI><a href="#[b]">LCD_GetpPalConvTableBM</a> from LCD_Color.o(.text.LCD_GetpPalConvTableBM) referenced 2 times from GUI_Core.o(.data.GUI_pfGetpPalConvTable)
 <LI><a href="#[18b]">LCD_Index2Color_8888</a> from GUICC_8888_Index2Color.o(.text.LCD_Index2Color_8888) referenced from GUICC_8888.o(.rodata.LCD_API_ColorConv_8888)
 <LI><a href="#[10b]">LCD_Index2Color_M8888I</a> from GUICC_M8888I_Index2Color.o(.text.LCD_Index2Color_M8888I) referenced from GUI_DrawBitmap_8888.o(.rodata.GUI_BitmapMethodsM8888I)
 <LI><a href="#[10b]">LCD_Index2Color_M8888I</a> from GUICC_M8888I_Index2Color.o(.text.LCD_Index2Color_M8888I) referenced from GUICC_M8888I.o(.rodata.LCD_API_ColorConv_M8888I)
 <LI><a href="#[10b]">LCD_Index2Color_M8888I</a> from GUICC_M8888I_Index2Color.o(.text.LCD_Index2Color_M8888I) referenced 2 times from GUI__Alpha.o(.text.GUI__DoAlphaBlending)
 <LI><a href="#[10b]">LCD_Index2Color_M8888I</a> from GUICC_M8888I_Index2Color.o(.text.LCD_Index2Color_M8888I) referenced 2 times from LCD_RLEAlpha.o(.text._Draw)
 <LI><a href="#[10b]">LCD_Index2Color_M8888I</a> from GUICC_M8888I_Index2Color.o(.text.LCD_Index2Color_M8888I) referenced 2 times from GUI_DrawBitmap_8888.o(.text._DrawBitmap_M8888I)
 <LI><a href="#[10b]">LCD_Index2Color_M8888I</a> from GUICC_M8888I_Index2Color.o(.text.LCD_Index2Color_M8888I) referenced 2 times from GUIDEV_WriteToActiveAlpha.o(.text._WriteToActiveAlpha)
 <LI><a href="#[121]">LCD_SetPixelAA4_Trans</a> from LCD_AA.o(.text.LCD_SetPixelAA4_Trans) referenced 2 times from GUIAA_Lib.o(.text._FlushLine)
 <LI><a href="#[10f]">LISTWHEEL_Callback</a> from LISTWHEEL.o(.text.LISTWHEEL_Callback) referenced 2 times from LISTWHEEL.o(.text.LISTWHEEL_CreateUser)
 <LI><a href="#[110]">LISTWHEEL_OwnerDraw</a> from LISTWHEEL.o(.text.LISTWHEEL_OwnerDraw) referenced 2 times from LISTWHEEL.o(.text.LISTWHEEL_CreateUser)
 <LI><a href="#[14c]">LISTWHEEL_SetBkColor</a> from LISTWHEEL.o(.text.LISTWHEEL_SetBkColor) referenced from alarm.o(.text._cbClock)
 <LI><a href="#[14b]">LISTWHEEL_SetTextColor</a> from LISTWHEEL.o(.text.LISTWHEEL_SetTextColor) referenced from alarm.o(.text._cbClock)
 <LI><a href="#[d6]">LPI2C1_DriverIRQHandler</a> from fsl_lpi2c.o(.text.LPI2C1_DriverIRQHandler) referenced from startup_mimxrt1062.o(.text)
 <LI><a href="#[38]">LPI2C1_IRQHandler</a> from startup_mimxrt1062.o(.text) referenced from startup_mimxrt1062.o(.isr_vector)
 <LI><a href="#[d7]">LPI2C2_DriverIRQHandler</a> from fsl_lpi2c.o(.text.LPI2C2_DriverIRQHandler) referenced from startup_mimxrt1062.o(.text)
 <LI><a href="#[39]">LPI2C2_IRQHandler</a> from startup_mimxrt1062.o(.text) referenced from startup_mimxrt1062.o(.isr_vector)
 <LI><a href="#[d8]">LPI2C3_DriverIRQHandler</a> from fsl_lpi2c.o(.text.LPI2C3_DriverIRQHandler) referenced from startup_mimxrt1062.o(.text)
 <LI><a href="#[3a]">LPI2C3_IRQHandler</a> from startup_mimxrt1062.o(.text) referenced from startup_mimxrt1062.o(.isr_vector)
 <LI><a href="#[d9]">LPI2C4_DriverIRQHandler</a> from fsl_lpi2c.o(.text.LPI2C4_DriverIRQHandler) referenced from startup_mimxrt1062.o(.text)
 <LI><a href="#[3b]">LPI2C4_IRQHandler</a> from startup_mimxrt1062.o(.text) referenced from startup_mimxrt1062.o(.isr_vector)
 <LI><a href="#[da]">LPSPI1_DriverIRQHandler</a> from startup_mimxrt1062.o(.text) referenced from startup_mimxrt1062.o(.text)
 <LI><a href="#[3c]">LPSPI1_IRQHandler</a> from startup_mimxrt1062.o(.text) referenced from startup_mimxrt1062.o(.isr_vector)
 <LI><a href="#[db]">LPSPI2_DriverIRQHandler</a> from startup_mimxrt1062.o(.text) referenced from startup_mimxrt1062.o(.text)
 <LI><a href="#[3d]">LPSPI2_IRQHandler</a> from startup_mimxrt1062.o(.text) referenced from startup_mimxrt1062.o(.isr_vector)
 <LI><a href="#[dc]">LPSPI3_DriverIRQHandler</a> from startup_mimxrt1062.o(.text) referenced from startup_mimxrt1062.o(.text)
 <LI><a href="#[3e]">LPSPI3_IRQHandler</a> from startup_mimxrt1062.o(.text) referenced from startup_mimxrt1062.o(.isr_vector)
 <LI><a href="#[dd]">LPSPI4_DriverIRQHandler</a> from startup_mimxrt1062.o(.text) referenced from startup_mimxrt1062.o(.text)
 <LI><a href="#[3f]">LPSPI4_IRQHandler</a> from startup_mimxrt1062.o(.text) referenced from startup_mimxrt1062.o(.isr_vector)
 <LI><a href="#[ce]">LPUART1_DriverIRQHandler</a> from fsl_lpuart.o(.text.LPUART1_DriverIRQHandler) referenced from startup_mimxrt1062.o(.text)
 <LI><a href="#[30]">LPUART1_IRQHandler</a> from startup_mimxrt1062.o(.text) referenced from startup_mimxrt1062.o(.isr_vector)
 <LI><a href="#[cf]">LPUART2_DriverIRQHandler</a> from fsl_lpuart.o(.text.LPUART2_DriverIRQHandler) referenced from startup_mimxrt1062.o(.text)
 <LI><a href="#[31]">LPUART2_IRQHandler</a> from startup_mimxrt1062.o(.text) referenced from startup_mimxrt1062.o(.isr_vector)
 <LI><a href="#[d0]">LPUART3_DriverIRQHandler</a> from fsl_lpuart.o(.text.LPUART3_DriverIRQHandler) referenced from startup_mimxrt1062.o(.text)
 <LI><a href="#[32]">LPUART3_IRQHandler</a> from startup_mimxrt1062.o(.text) referenced from startup_mimxrt1062.o(.isr_vector)
 <LI><a href="#[d1]">LPUART4_DriverIRQHandler</a> from fsl_lpuart.o(.text.LPUART4_DriverIRQHandler) referenced from startup_mimxrt1062.o(.text)
 <LI><a href="#[33]">LPUART4_IRQHandler</a> from startup_mimxrt1062.o(.text) referenced from startup_mimxrt1062.o(.isr_vector)
 <LI><a href="#[d2]">LPUART5_DriverIRQHandler</a> from fsl_lpuart.o(.text.LPUART5_DriverIRQHandler) referenced from startup_mimxrt1062.o(.text)
 <LI><a href="#[34]">LPUART5_IRQHandler</a> from startup_mimxrt1062.o(.text) referenced from startup_mimxrt1062.o(.isr_vector)
 <LI><a href="#[d3]">LPUART6_DriverIRQHandler</a> from fsl_lpuart.o(.text.LPUART6_DriverIRQHandler) referenced from startup_mimxrt1062.o(.text)
 <LI><a href="#[35]">LPUART6_IRQHandler</a> from startup_mimxrt1062.o(.text) referenced from startup_mimxrt1062.o(.isr_vector)
 <LI><a href="#[d4]">LPUART7_DriverIRQHandler</a> from fsl_lpuart.o(.text.LPUART7_DriverIRQHandler) referenced from startup_mimxrt1062.o(.text)
 <LI><a href="#[36]">LPUART7_IRQHandler</a> from startup_mimxrt1062.o(.text) referenced from startup_mimxrt1062.o(.isr_vector)
 <LI><a href="#[d5]">LPUART8_DriverIRQHandler</a> from fsl_lpuart.o(.text.LPUART8_DriverIRQHandler) referenced from startup_mimxrt1062.o(.text)
 <LI><a href="#[37]">LPUART8_IRQHandler</a> from startup_mimxrt1062.o(.text) referenced from startup_mimxrt1062.o(.isr_vector)
 <LI><a href="#[15]">MemManage_Handler</a> from startup_mimxrt1062.o(.text) referenced from startup_mimxrt1062.o(.isr_vector)
 <LI><a href="#[13]">NMI_Handler</a> from startup_mimxrt1062.o(.text) referenced from startup_mimxrt1062.o(.isr_vector)
 <LI><a href="#[13]">NMI_Handler</a> from startup_mimxrt1062.o(.text) referenced from startup_mimxrt1062.o(.text)
 <LI><a href="#[96]">PIT_IRQHandler</a> from startup_mimxrt1062.o(.text) referenced from startup_mimxrt1062.o(.isr_vector)
 <LI><a href="#[59]">PMU_EVENT_IRQHandler</a> from startup_mimxrt1062.o(.text) referenced from startup_mimxrt1062.o(.isr_vector)
 <LI><a href="#[82]">PWM1_0_IRQHandler</a> from startup_mimxrt1062.o(.text) referenced from startup_mimxrt1062.o(.isr_vector)
 <LI><a href="#[83]">PWM1_1_IRQHandler</a> from startup_mimxrt1062.o(.text) referenced from startup_mimxrt1062.o(.isr_vector)
 <LI><a href="#[84]">PWM1_2_IRQHandler</a> from startup_mimxrt1062.o(.text) referenced from startup_mimxrt1062.o(.isr_vector)
 <LI><a href="#[85]">PWM1_3_IRQHandler</a> from startup_mimxrt1062.o(.text) referenced from startup_mimxrt1062.o(.isr_vector)
 <LI><a href="#[86]">PWM1_FAULT_IRQHandler</a> from startup_mimxrt1062.o(.text) referenced from startup_mimxrt1062.o(.isr_vector)
 <LI><a href="#[a5]">PWM2_0_IRQHandler</a> from startup_mimxrt1062.o(.text) referenced from startup_mimxrt1062.o(.isr_vector)
 <LI><a href="#[a6]">PWM2_1_IRQHandler</a> from startup_mimxrt1062.o(.text) referenced from startup_mimxrt1062.o(.isr_vector)
 <LI><a href="#[a7]">PWM2_2_IRQHandler</a> from startup_mimxrt1062.o(.text) referenced from startup_mimxrt1062.o(.isr_vector)
 <LI><a href="#[a8]">PWM2_3_IRQHandler</a> from startup_mimxrt1062.o(.text) referenced from startup_mimxrt1062.o(.isr_vector)
 <LI><a href="#[a9]">PWM2_FAULT_IRQHandler</a> from startup_mimxrt1062.o(.text) referenced from startup_mimxrt1062.o(.isr_vector)
 <LI><a href="#[aa]">PWM3_0_IRQHandler</a> from startup_mimxrt1062.o(.text) referenced from startup_mimxrt1062.o(.isr_vector)
 <LI><a href="#[ab]">PWM3_1_IRQHandler</a> from startup_mimxrt1062.o(.text) referenced from startup_mimxrt1062.o(.isr_vector)
 <LI><a href="#[ac]">PWM3_2_IRQHandler</a> from startup_mimxrt1062.o(.text) referenced from startup_mimxrt1062.o(.isr_vector)
 <LI><a href="#[ad]">PWM3_3_IRQHandler</a> from startup_mimxrt1062.o(.text) referenced from startup_mimxrt1062.o(.isr_vector)
 <LI><a href="#[ae]">PWM3_FAULT_IRQHandler</a> from startup_mimxrt1062.o(.text) referenced from startup_mimxrt1062.o(.isr_vector)
 <LI><a href="#[af]">PWM4_0_IRQHandler</a> from startup_mimxrt1062.o(.text) referenced from startup_mimxrt1062.o(.isr_vector)
 <LI><a href="#[b0]">PWM4_1_IRQHandler</a> from startup_mimxrt1062.o(.text) referenced from startup_mimxrt1062.o(.isr_vector)
 <LI><a href="#[b1]">PWM4_2_IRQHandler</a> from startup_mimxrt1062.o(.text) referenced from startup_mimxrt1062.o(.isr_vector)
 <LI><a href="#[b2]">PWM4_3_IRQHandler</a> from startup_mimxrt1062.o(.text) referenced from startup_mimxrt1062.o(.isr_vector)
 <LI><a href="#[b3]">PWM4_FAULT_IRQHandler</a> from startup_mimxrt1062.o(.text) referenced from startup_mimxrt1062.o(.isr_vector)
 <LI><a href="#[48]">PXP_IRQHandler</a> from startup_mimxrt1062.o(.text) referenced from startup_mimxrt1062.o(.isr_vector)
 <LI><a href="#[1a]">PendSV_Handler</a> from startup_mimxrt1062.o(.text) referenced from startup_mimxrt1062.o(.isr_vector)
 <LI><a href="#[1a]">PendSV_Handler</a> from startup_mimxrt1062.o(.text) referenced from startup_mimxrt1062.o(.text)
 <LI><a href="#[79]">RTWDOG_IRQHandler</a> from startup_mimxrt1062.o(.text) referenced from startup_mimxrt1062.o(.isr_vector)
 <LI><a href="#[7f]">Reserved115_IRQHandler</a> from startup_mimxrt1062.o(.text) referenced from startup_mimxrt1062.o(.isr_vector)
 <LI><a href="#[9b]">Reserved143_IRQHandler</a> from startup_mimxrt1062.o(.text) referenced from startup_mimxrt1062.o(.isr_vector)
 <LI><a href="#[9c]">Reserved144_IRQHandler</a> from startup_mimxrt1062.o(.text) referenced from startup_mimxrt1062.o(.isr_vector)
 <LI><a href="#[b7]">Reserved171_IRQHandler</a> from startup_mimxrt1062.o(.text) referenced from startup_mimxrt1062.o(.isr_vector)
 <LI><a href="#[50]">Reserved68_IRQHandler</a> from startup_mimxrt1062.o(.text) referenced from startup_mimxrt1062.o(.isr_vector)
 <LI><a href="#[5a]">Reserved78_IRQHandler</a> from startup_mimxrt1062.o(.text) referenced from startup_mimxrt1062.o(.isr_vector)
 <LI><a href="#[62]">Reserved86_IRQHandler</a> from startup_mimxrt1062.o(.text) referenced from startup_mimxrt1062.o(.isr_vector)
 <LI><a href="#[63]">Reserved87_IRQHandler</a> from startup_mimxrt1062.o(.text) referenced from startup_mimxrt1062.o(.isr_vector)
 <LI><a href="#[12]">Reset_Handler</a> from startup_mimxrt1062.o(.text) referenced from startup_mimxrt1062.o(.isr_vector)
 <LI><a href="#[e0]">SAI1_DriverIRQHandler</a> from startup_mimxrt1062.o(.text) referenced from startup_mimxrt1062.o(.text)
 <LI><a href="#[54]">SAI1_IRQHandler</a> from startup_mimxrt1062.o(.text) referenced from startup_mimxrt1062.o(.isr_vector)
 <LI><a href="#[e1]">SAI2_DriverIRQHandler</a> from startup_mimxrt1062.o(.text) referenced from startup_mimxrt1062.o(.text)
 <LI><a href="#[55]">SAI2_IRQHandler</a> from startup_mimxrt1062.o(.text) referenced from startup_mimxrt1062.o(.isr_vector)
 <LI><a href="#[e2]">SAI3_RX_DriverIRQHandler</a> from startup_mimxrt1062.o(.text) referenced from startup_mimxrt1062.o(.text)
 <LI><a href="#[56]">SAI3_RX_IRQHandler</a> from startup_mimxrt1062.o(.text) referenced from startup_mimxrt1062.o(.isr_vector)
 <LI><a href="#[e3]">SAI3_TX_DriverIRQHandler</a> from startup_mimxrt1062.o(.text) referenced from startup_mimxrt1062.o(.text)
 <LI><a href="#[57]">SAI3_TX_IRQHandler</a> from startup_mimxrt1062.o(.text) referenced from startup_mimxrt1062.o(.isr_vector)
 <LI><a href="#[89]">SEMC_IRQHandler</a> from startup_mimxrt1062.o(.text) referenced from startup_mimxrt1062.o(.isr_vector)
 <LI><a href="#[52]">SJC_IRQHandler</a> from startup_mimxrt1062.o(.text) referenced from startup_mimxrt1062.o(.isr_vector)
 <LI><a href="#[4a]">SNVS_HP_WRAPPER_IRQHandler</a> from startup_mimxrt1062.o(.text) referenced from startup_mimxrt1062.o(.isr_vector)
 <LI><a href="#[4b]">SNVS_HP_WRAPPER_TZ_IRQHandler</a> from startup_mimxrt1062.o(.text) referenced from startup_mimxrt1062.o(.isr_vector)
 <LI><a href="#[4c]">SNVS_LP_WRAPPER_IRQHandler</a> from startup_mimxrt1062.o(.text) referenced from startup_mimxrt1062.o(.isr_vector)
 <LI><a href="#[e4]">SPDIF_DriverIRQHandler</a> from startup_mimxrt1062.o(.text) referenced from startup_mimxrt1062.o(.text)
 <LI><a href="#[58]">SPDIF_IRQHandler</a> from startup_mimxrt1062.o(.text) referenced from startup_mimxrt1062.o(.isr_vector)
 <LI><a href="#[7e]">SRC_IRQHandler</a> from startup_mimxrt1062.o(.text) referenced from startup_mimxrt1062.o(.isr_vector)
 <LI><a href="#[18]">SVC_Handler</a> from startup_mimxrt1062.o(.text) referenced from startup_mimxrt1062.o(.isr_vector)
 <LI><a href="#[18]">SVC_Handler</a> from startup_mimxrt1062.o(.text) referenced from startup_mimxrt1062.o(.text)
 <LI><a href="#[1b]">SysTick_Handler</a> from startup_mimxrt1062.o(.text) referenced from startup_mimxrt1062.o(.isr_vector)
 <LI><a href="#[1b]">SysTick_Handler</a> from startup_mimxrt1062.o(.text) referenced from startup_mimxrt1062.o(.text)
 <LI><a href="#[bb]">SystemInit</a> from system_mimxrt1062.o(.text.SystemInit) referenced from startup_mimxrt1062.o(.text)
 <LI><a href="#[5b]">TEMP_LOW_HIGH_IRQHandler</a> from startup_mimxrt1062.o(.text) referenced from startup_mimxrt1062.o(.isr_vector)
 <LI><a href="#[5c]">TEMP_PANIC_IRQHandler</a> from startup_mimxrt1062.o(.text) referenced from startup_mimxrt1062.o(.isr_vector)
 <LI><a href="#[a1]">TMR1_IRQHandler</a> from startup_mimxrt1062.o(.text) referenced from startup_mimxrt1062.o(.isr_vector)
 <LI><a href="#[a2]">TMR2_IRQHandler</a> from startup_mimxrt1062.o(.text) referenced from startup_mimxrt1062.o(.isr_vector)
[...]
<BR>[Address Reference Count : 1]<UL><LI> GUI_UC_EncodeNone.o(.rodata.GUI_UC_None)
</UL>
<P><STRONG><a name="[186]"></a>_Encode</STRONG> (Thumb, 8 bytes, Stack size unknown bytes, GUI_UC_EncodeNone.o(.text._Encode))
<BR>[Address Reference Count : 1]<UL><LI> GUI_UC_EncodeNone.o(.rodata.GUI_UC_None)
</UL>
<P><STRONG><a name="[183]"></a>_GetCharCode</STRONG> (Thumb, 4 bytes, Stack size unknown bytes, GUI_UC_EncodeNone.o(.text._GetCharCode))
<BR>[Address Reference Count : 1]<UL><LI> GUI_UC_EncodeNone.o(.rodata.GUI_UC_None)
</UL>
<P><STRONG><a name="[184]"></a>_GetCharSize</STRONG> (Thumb, 4 bytes, Stack size unknown bytes, GUI_UC_EncodeNone.o(.text._GetCharSize))
<BR>[Address Reference Count : 1]<UL><LI> GUI_UC_EncodeNone.o(.rodata.GUI_UC_None)
</UL>
<P><STRONG><a name="[18d]"></a>_Color2IndexBulk</STRONG> (Thumb, 40 bytes, Stack size unknown bytes, GUICC_8888.o(.text._Color2IndexBulk))
<BR>[Address Reference Count : 1]<UL><LI> GUICC_8888.o(.rodata.LCD_API_ColorConv_8888)
</UL>
<P><STRONG><a name="[18a]"></a>_Color2Index_8888</STRONG> (Thumb, 22 bytes, Stack size unknown bytes, GUICC_8888.o(.text._Color2Index_8888))
<BR>[Address Reference Count : 1]<UL><LI> GUICC_8888.o(.rodata.LCD_API_ColorConv_8888)
</UL>
<P><STRONG><a name="[18c]"></a>_GetIndexMask_8888</STRONG> (Thumb, 6 bytes, Stack size unknown bytes, GUICC_8888.o(.text._GetIndexMask_8888))
<BR>[Address Reference Count : 1]<UL><LI> GUICC_8888.o(.rodata.LCD_API_ColorConv_8888)
</UL>
<P><STRONG><a name="[18e]"></a>_Index2ColorBulk</STRONG> (Thumb, 42 bytes, Stack size unknown bytes, GUICC_8888.o(.text._Index2ColorBulk))
<BR>[Address Reference Count : 1]<UL><LI> GUICC_8888.o(.rodata.LCD_API_ColorConv_8888)
</UL>
<P><STRONG><a name="[fe]"></a>_OnExit</STRONG> (Thumb, 52 bytes, Stack size unknown bytes, GUI_PID.o(.text._OnExit))
<BR>[Address Reference Count : 1]<UL><LI> GUI_PID.o(.text.GUI_PID_StoreState)
</UL>
<P><STRONG><a name="[321]"></a>_DispLine</STRONG> (Thumb, 170 bytes, Stack size unknown bytes, GUI_CharLine.o(.text._DispLine))
<BR><BR>[Calls]<UL><LI><a href="#[3e4]">&gt;&gt;</a>&nbsp;&nbsp;&nbsp;GUI_RectsIntersect
<LI><a href="#[213]">&gt;&gt;</a>&nbsp;&nbsp;&nbsp;GUI__ManageCache
</UL>
<BR>[Called By]<UL><LI><a href="#[27f]">&gt;&gt;</a>&nbsp;&nbsp;&nbsp;GUI__DispLine
</UL>

<P><STRONG><a name="[1a3]"></a>_DrawNonExistingCharacter_Dummy</STRONG> (Thumb, 2 bytes, Stack size unknown bytes, GUI_Char.o(.text._DrawNonExistingCharacter_Dummy))
<BR>[Address Reference Count : 1]<UL><LI> GUI_Char.o(.rodata._NonExistingCharacter_Dummy)
</UL>
<P><STRONG><a name="[1a2]"></a>_GetNonExistingCharWidth_Dummy</STRONG> (Thumb, 4 bytes, Stack size unknown bytes, GUI_Char.o(.text._GetNonExistingCharWidth_Dummy))
<BR>[Address Reference Count : 1]<UL><LI> GUI_Char.o(.rodata._NonExistingCharacter_Dummy)
</UL>
<P><STRONG><a name="[10c]"></a>_OnExit</STRONG> (Thumb, 74 bytes, Stack size unknown bytes, GUI__Alpha.o(.text._OnExit))
<BR><BR>[Calls]<UL><LI><a href="#[272]">&gt;&gt;</a>&nbsp;&nbsp;&nbsp;GUI_ALLOC_FreeFixedBlock
</UL>
<BR>[Address Reference Count : 1]<UL><LI> GUI__Alpha.o(.text.GUI__GetAlphaBuffer)
</UL>
<P><STRONG><a name="[288]"></a>_DrawRect</STRONG> (Thumb, 56 bytes, Stack size unknown bytes, GUI_2DLib.o(.text._DrawRect))
<BR><BR>[Calls]<UL><LI><a href="#[fc]">&gt;&gt;</a>&nbsp;&nbsp;&nbsp;LCD_DrawHLine
<LI><a href="#[289]">&gt;&gt;</a>&nbsp;&nbsp;&nbsp;LCD_DrawVLine
</UL>
<BR>[Called By]<UL><LI><a href="#[1eb]">&gt;&gt;</a>&nbsp;&nbsp;&nbsp;GUI_DrawRect
</UL>

<P><STRONG><a name="[325]"></a>_GetTwinArcPara</STRONG> (Thumb, 82 bytes, Stack size unknown bytes, GUI__DrawTwinArc.o(.text._GetTwinArcPara))
<BR><BR>[Calls]<UL><LI><a href="#[28d]">&gt;&gt;</a>&nbsp;&nbsp;&nbsp;GUI__sqrt32
</UL>
<BR>[Called By]<UL><LI><a href="#[1e1]">&gt;&gt;</a>&nbsp;&nbsp;&nbsp;GUI__DrawTwinArc4
</UL>

<P><STRONG><a name="[e]"></a>_DrawCharAA4_Trans</STRONG> (Thumb, 154 bytes, Stack size unknown bytes, GUIAA_Char4.o(.text._DrawCharAA4_Trans))
<BR><BR>[Calls]<UL><LI><a href="#[121]">&gt;&gt;</a>&nbsp;&nbsp;&nbsp;LCD_SetPixelAA4_Trans
</UL>
<BR>[Address Reference Count : 1]<UL><LI> GUIAA_Char4.o(.data._pfDrawCharAA4_Trans)
</UL>
<P><STRONG><a name="[f9]"></a>_DrawHLine</STRONG> (Thumb, 288 bytes, Stack size unknown bytes, GUIAA_Lib.o(.text._DrawHLine))
<BR><BR>[Calls]<UL><LI><a href="#[23c]">&gt;&gt;</a>&nbsp;&nbsp;&nbsp;_FlushLine
</UL>
<BR>[Address Reference Count : 1]<UL><LI> GUIAA_Lib.o(.text.GUI_AA_Init)
</UL>
<P><STRONG><a name="[23c]"></a>_FlushLine</STRONG> (Thumb, 330 bytes, Stack size unknown bytes, GUIAA_Lib.o(.text._FlushLine))
<BR><BR>[Calls]<UL><LI><a href="#[121]">&gt;&gt;</a>&nbsp;&nbsp;&nbsp;LCD_SetPixelAA4_Trans
</UL>
<BR>[Called By]<UL><LI><a href="#[21b]">&gt;&gt;</a>&nbsp;&nbsp;&nbsp;GUI_AA_Exit
<LI><a href="#[f9]">&gt;&gt;</a>&nbsp;&nbsp;&nbsp;_DrawHLine
</UL>

<P><STRONG><a name="[f8]"></a>_OnExit</STRONG> (Thumb, 22 bytes, Stack size unknown bytes, GUIAA_Lib.o(.text._OnExit))
<BR><BR>[Calls]<UL><LI><a href="#[272]">&gt;&gt;</a>&nbsp;&nbsp;&nbsp;GUI_ALLOC_FreeFixedBlock
</UL>
<BR>[Address Reference Count : 1]<UL><LI> GUIAA_Lib.o(.text.GUI_AA_Init)
</UL>
<P><STRONG><a name="[2c7]"></a>_WriteToActiveAlpha</STRONG> (Thumb, 396 bytes, Stack size unknown bytes, GUIDEV_WriteToActiveAlpha.o(.text._WriteToActiveAlpha))
<BR><BR>[Stack]<UL><LI>Max Depth = 8 + Unknown Stack Size
<LI>Call Chain = _WriteToActiveAlpha &rArr; GUI__DoAlphaBlending &rArr; GUI__GetAlphaBuffer &rArr; GUI_ALLOC_GetFixedBlock &rArr; _RemoveHoles &rArr; memmove
</UL>
<BR>[Calls]<UL><LI><a href="#[2bd]">&gt;&gt;</a>&nbsp;&nbsp;&nbsp;GUI_MEMDEV_GetDataPtr
<LI><a href="#[1d3]">&gt;&gt;</a>&nbsp;&nbsp;&nbsp;GUI_ALLOC_UnlockH
<LI><a href="#[1d0]">&gt;&gt;</a>&nbsp;&nbsp;&nbsp;GUI_ALLOC_LockH
<LI><a href="#[211]">&gt;&gt;</a>&nbsp;&nbsp;&nbsp;LCD_DrawBitmap
<LI><a href="#[323]">&gt;&gt;</a>&nbsp;&nbsp;&nbsp;GUI__DoAlphaBlending
<LI><a href="#[31e]">&gt;&gt;</a>&nbsp;&nbsp;&nbsp;GUI__CompactPixelIndicesEx
<LI><a href="#[311]">&gt;&gt;</a>&nbsp;&nbsp;&nbsp;GUI__AllocAlphaBuffer
</UL>
<BR>[Called By]<UL><LI><a href="#[137]">&gt;&gt;</a>&nbsp;&nbsp;&nbsp;GUI_MEMDEV__WriteToActiveAlpha
</UL>

<P><STRONG><a name="[187]"></a>_Color2Index_0</STRONG> (Thumb, 88 bytes, Stack size unknown bytes, GUICC_0.o(.text._Color2Index_0))
<BR><BR>[Calls]<UL><LI><a href="#[335]">&gt;&gt;</a>&nbsp;&nbsp;&nbsp;LCD_GetPalette
<LI><a href="#[332]">&gt;&gt;</a>&nbsp;&nbsp;&nbsp;LCD_GetNumColors
<LI><a href="#[3df]">&gt;&gt;</a>&nbsp;&nbsp;&nbsp;GUI_CalcColorDist
</UL>
<BR>[Address Reference Count : 1]<UL><LI> GUICC_0.o(.rodata.LCD_API_ColorConv_0)
</UL>
<P><STRONG><a name="[189]"></a>_GetIndexMask_0</STRONG> (Thumb, 82 bytes, Stack size unknown bytes, GUICC_0.o(.text._GetIndexMask_0))
<BR><BR>[Calls]<UL><LI><a href="#[332]">&gt;&gt;</a>&nbsp;&nbsp;&nbsp;LCD_GetNumColors
</UL>
<BR>[Address Reference Count : 1]<UL><LI> GUICC_0.o(.rodata.LCD_API_ColorConv_0)
</UL>
<P><STRONG><a name="[188]"></a>_Index2Color_0</STRONG> (Thumb, 32 bytes, Stack size unknown bytes, GUICC_0.o(.text._Index2Color_0))
<BR><BR>[Calls]<UL><LI><a href="#[335]">&gt;&gt;</a>&nbsp;&nbsp;&nbsp;LCD_GetPalette
<LI><a href="#[332]">&gt;&gt;</a>&nbsp;&nbsp;&nbsp;LCD_GetNumColors
</UL>
<BR>[Address Reference Count : 1]<UL><LI> GUICC_0.o(.rodata.LCD_API_ColorConv_0)
</UL>
<P><STRONG><a name="[2ea]"></a>LCD_ReadRectEx</STRONG> (Thumb, 452 bytes, Stack size unknown bytes, LCD_ReadRect.o(.text.LCD_ReadRectEx))
<BR><BR>[Calls]<UL><LI><a href="#[2c8]">&gt;&gt;</a>&nbsp;&nbsp;&nbsp;GUI_GetBitsPerPixelEx
</UL>
<BR>[Called By]<UL><LI><a href="#[2e9]">&gt;&gt;</a>&nbsp;&nbsp;&nbsp;GUI_ReadRectEx
</UL>

<P><STRONG><a name="[31a]"></a>_ConstructContext</STRONG> (Thumb, 222 bytes, Stack size unknown bytes, GUI__BiDi2.o(.text._ConstructContext))
<BR><BR>[Stack]<UL><LI>Max Depth = 8 + Unknown Stack Size
<LI>Call Chain = _ConstructContext &rArr; GUI_ALLOC_AllocNoInit &rArr; _Alloc &rArr; _RemoveHoles &rArr; memmove
</UL>
<BR>[Calls]<UL><LI><a href="#[1d0]">&gt;&gt;</a>&nbsp;&nbsp;&nbsp;GUI_ALLOC_LockH
<LI><a href="#[243]">&gt;&gt;</a>&nbsp;&nbsp;&nbsp;GUI_ALLOC_AllocNoInit
<LI><a href="#[316]">&gt;&gt;</a>&nbsp;&nbsp;&nbsp;_GetAttribs
</UL>
<BR>[Called By]<UL><LI><a href="#[317]">&gt;&gt;</a>&nbsp;&nbsp;&nbsp;GUI__BIDI2_Log2Vis
</UL>

<P><STRONG><a name="[3e3]"></a>_DecideParaLevel</STRONG> (Thumb, 72 bytes, Stack size unknown bytes, GUI__BiDi2.o(.text._DecideParaLevel))
<BR><BR>[Calls]<UL><LI><a href="#[3e3]">&gt;&gt;</a>&nbsp;&nbsp;&nbsp;_DecideParaLevel
</UL>
<BR>[Called By]<UL><LI><a href="#[31b]">&gt;&gt;</a>&nbsp;&nbsp;&nbsp;_UBA
<LI><a href="#[3e3]">&gt;&gt;</a>&nbsp;&nbsp;&nbsp;_DecideParaLevel
</UL>

<P><STRONG><a name="[319]"></a>_DoJoiningAndDecoding</STRONG> (Thumb, 130 bytes, Stack size unknown bytes, GUI__BiDi2.o(.text._DoJoiningAndDecoding))
<BR><BR>[Calls]<UL><LI><a href="#[3e5]">&gt;&gt;</a>&nbsp;&nbsp;&nbsp;_GetNextChar
<LI><a href="#[3e6]">&gt;&gt;</a>&nbsp;&nbsp;&nbsp;GUI__IsArabicCharacter
<LI><a href="#[326]">&gt;&gt;</a>&nbsp;&nbsp;&nbsp;GUI__GetPresentationForm
</UL>
<BR>[Called By]<UL><LI><a href="#[317]">&gt;&gt;</a>&nbsp;&nbsp;&nbsp;GUI__BIDI2_Log2Vis
</UL>

<P><STRONG><a name="[31d]"></a>_DropContext</STRONG> (Thumb, 102 bytes, Stack size unknown bytes, GUI__BiDi2.o(.text._DropContext))
<BR><BR>[Calls]<UL><LI><a href="#[3eb]">&gt;&gt;</a>&nbsp;&nbsp;&nbsp;_Free
</UL>
<BR>[Called By]<UL><LI><a href="#[317]">&gt;&gt;</a>&nbsp;&nbsp;&nbsp;GUI__BIDI2_Log2Vis
</UL>

<P><STRONG><a name="[3eb]"></a>_Free</STRONG> (Thumb, 28 bytes, Stack size unknown bytes, GUI__BiDi2.o(.text._Free))
<BR><BR>[Calls]<UL><LI><a href="#[1d3]">&gt;&gt;</a>&nbsp;&nbsp;&nbsp;GUI_ALLOC_UnlockH
<LI><a href="#[246]">&gt;&gt;</a>&nbsp;&nbsp;&nbsp;GUI_ALLOC_Free
<LI><a href="#[3f8]">&gt;&gt;</a>&nbsp;&nbsp;&nbsp;GUI_ALLOC_p2h
</UL>
<BR>[Called By]<UL><LI><a href="#[140]">&gt;&gt;</a>&nbsp;&nbsp;&nbsp;_UBA_ResolvePairedBrackets
<LI><a href="#[31b]">&gt;&gt;</a>&nbsp;&nbsp;&nbsp;_UBA
<LI><a href="#[31d]">&gt;&gt;</a>&nbsp;&nbsp;&nbsp;_DropContext
</UL>

<P><STRONG><a name="[316]"></a>_GetAttribs</STRONG> (Thumb, 184 bytes, Stack size unknown bytes, GUI__BiDi2.o(.text._GetAttribs))
<BR><BR>[Called By]<UL><LI><a href="#[31a]">&gt;&gt;</a>&nbsp;&nbsp;&nbsp;_ConstructContext
<LI><a href="#[315]">&gt;&gt;</a>&nbsp;&nbsp;&nbsp;GUI__BIDI2_IsNSM
</UL>

<P><STRONG><a name="[3e5]"></a>_GetNextChar</STRONG> (Thumb, 52 bytes, Stack size unknown bytes, GUI__BiDi2.o(.text._GetNextChar))
<BR><BR>[Calls]<UL><LI><a href="#[22c]">&gt;&gt;</a>&nbsp;&nbsp;&nbsp;GUI_UC__GetCharCodeInc
</UL>
<BR>[Called By]<UL><LI><a href="#[319]">&gt;&gt;</a>&nbsp;&nbsp;&nbsp;_DoJoiningAndDecoding
</UL>

<P><STRONG><a name="[402]"></a>_IsPriorContextL</STRONG> (Thumb, 80 bytes, Stack size unknown bytes, GUI__BiDi2.o(.text._IsPriorContextL))
<BR><BR>[Called By]<UL><LI><a href="#[140]">&gt;&gt;</a>&nbsp;&nbsp;&nbsp;_UBA_ResolvePairedBrackets
<LI><a href="#[141]">&gt;&gt;</a>&nbsp;&nbsp;&nbsp;_UBA_ResolveNeutralsByContext
</UL>

<P><STRONG><a name="[403]"></a>_IsPriorContextRANEN</STRONG> (Thumb, 84 bytes, Stack size unknown bytes, GUI__BiDi2.o(.text._IsPriorContextRANEN))
<BR><BR>[Called By]<UL><LI><a href="#[140]">&gt;&gt;</a>&nbsp;&nbsp;&nbsp;_UBA_ResolvePairedBrackets
<LI><a href="#[141]">&gt;&gt;</a>&nbsp;&nbsp;&nbsp;_UBA_ResolveNeutralsByContext
</UL>

<P><STRONG><a name="[31c]"></a>_ReorderAndMirror</STRONG> (Thumb, 72 bytes, Stack size unknown bytes, GUI__BiDi2.o(.text._ReorderAndMirror))
<BR><BR>[Called By]<UL><LI><a href="#[317]">&gt;&gt;</a>&nbsp;&nbsp;&nbsp;GUI__BIDI2_Log2Vis
</UL>

<P><STRONG><a name="[401]"></a>_ReverseRange</STRONG> (Thumb, 76 bytes, Stack size unknown bytes, GUI__BiDi2.o(.text._ReverseRange))
<BR><BR>[Called By]<UL><LI><a href="#[31b]">&gt;&gt;</a>&nbsp;&nbsp;&nbsp;_UBA
</UL>

<P><STRONG><a name="[404]"></a>_SetBracketPairBC</STRONG> (Thumb, 74 bytes, Stack size unknown bytes, GUI__BiDi2.o(.text._SetBracketPairBC))
<BR><BR>[Called By]<UL><LI><a href="#[140]">&gt;&gt;</a>&nbsp;&nbsp;&nbsp;_UBA_ResolvePairedBrackets
</UL>

<P><STRONG><a name="[31b]"></a>_UBA</STRONG> (Thumb, 2896 bytes, Stack size unknown bytes, GUI__BiDi2.o(.text._UBA))
<BR><BR>[Stack]<UL><LI>Max Depth = 8 + Unknown Stack Size
<LI>Call Chain = _UBA &rArr; GUI_ALLOC_AllocNoInit &rArr; _Alloc &rArr; _RemoveHoles &rArr; memmove
</UL>
<BR>[Calls]<UL><LI><a href="#[1d0]">&gt;&gt;</a>&nbsp;&nbsp;&nbsp;GUI_ALLOC_LockH
<LI><a href="#[243]">&gt;&gt;</a>&nbsp;&nbsp;&nbsp;GUI_ALLOC_AllocNoInit
<LI><a href="#[400]">&gt;&gt;</a>&nbsp;&nbsp;&nbsp;_UBA_RuleDispatch
<LI><a href="#[401]">&gt;&gt;</a>&nbsp;&nbsp;&nbsp;_ReverseRange
<LI><a href="#[3eb]">&gt;&gt;</a>&nbsp;&nbsp;&nbsp;_Free
<LI><a href="#[3e3]">&gt;&gt;</a>&nbsp;&nbsp;&nbsp;_DecideParaLevel
</UL>
<BR>[Called By]<UL><LI><a href="#[317]">&gt;&gt;</a>&nbsp;&nbsp;&nbsp;GUI__BIDI2_Log2Vis
</UL>

<P><STRONG><a name="[143]"></a>_UBA_Empty</STRONG> (Thumb, 4 bytes, Stack size unknown bytes, GUI__BiDi2.o(.text._UBA_Empty))
<BR>[Address Reference Count : 1]<UL><LI> GUI__BiDi2.o(.text._UBA_RuleDispatch)
</UL>
<P><STRONG><a name="[13b]"></a>_UBA_ResolveAL</STRONG> (Thumb, 50 bytes, Stack size unknown bytes, GUI__BiDi2.o(.text._UBA_ResolveAL))
<BR>[Address Reference Count : 1]<UL><LI> GUI__BiDi2.o(.text._UBA_RuleDispatch)
</UL>
<P><STRONG><a name="[139]"></a>_UBA_ResolveCombiningMarks</STRONG> (Thumb, 72 bytes, Stack size unknown bytes, GUI__BiDi2.o(.text._UBA_ResolveCombiningMarks))
<BR>[Address Reference Count : 1]<UL><LI> GUI__BiDi2.o(.text._UBA_RuleDispatch)
</UL>
<P><STRONG><a name="[13f]"></a>_UBA_ResolveEN</STRONG> (Thumb, 126 bytes, Stack size unknown bytes, GUI__BiDi2.o(.text._UBA_ResolveEN))
<BR>[Address Reference Count : 1]<UL><LI> GUI__BiDi2.o(.text._UBA_RuleDispatch)
</UL>
<P><STRONG><a name="[13e]"></a>_UBA_ResolveESCSET</STRONG> (Thumb, 60 bytes, Stack size unknown bytes, GUI__BiDi2.o(.text._UBA_ResolveESCSET))
<BR>[Address Reference Count : 1]<UL><LI> GUI__BiDi2.o(.text._UBA_RuleDispatch)
</UL>
<P><STRONG><a name="[13a]"></a>_UBA_ResolveEuropeanNumbers</STRONG> (Thumb, 112 bytes, Stack size unknown bytes, GUI__BiDi2.o(.text._UBA_ResolveEuropeanNumbers))
<BR>[Address Reference Count : 1]<UL><LI> GUI__BiDi2.o(.text._UBA_RuleDispatch)
</UL>
<P><STRONG><a name="[141]"></a>_UBA_ResolveNeutralsByContext</STRONG> (Thumb, 306 bytes, Stack size unknown bytes, GUI__BiDi2.o(.text._UBA_ResolveNeutralsByContext))
<BR><BR>[Calls]<UL><LI><a href="#[403]">&gt;&gt;</a>&nbsp;&nbsp;&nbsp;_IsPriorContextRANEN
<LI><a href="#[402]">&gt;&gt;</a>&nbsp;&nbsp;&nbsp;_IsPriorContextL
</UL>
<BR>[Address Reference Count : 1]<UL><LI> GUI__BiDi2.o(.text._UBA_RuleDispatch)
</UL>
<P><STRONG><a name="[142]"></a>_UBA_ResolveNeutralsByLevel</STRONG> (Thumb, 82 bytes, Stack size unknown bytes, GUI__BiDi2.o(.text._UBA_ResolveNeutralsByLevel))
<BR>[Address Reference Count : 1]<UL><LI> GUI__BiDi2.o(.text._UBA_RuleDispatch)
</UL>
<P><STRONG><a name="[140]"></a>_UBA_ResolvePairedBrackets</STRONG> (Thumb, 812 bytes, Stack size unknown bytes, GUI__BiDi2.o(.text._UBA_ResolvePairedBrackets))
<BR><BR>[Stack]<UL><LI>Max Depth = 8 + Unknown Stack Size
<LI>Call Chain = _UBA_ResolvePairedBrackets &rArr; GUI_ALLOC_AllocNoInit &rArr; _Alloc &rArr; _RemoveHoles &rArr; memmove
</UL>
<BR>[Calls]<UL><LI><a href="#[1d0]">&gt;&gt;</a>&nbsp;&nbsp;&nbsp;GUI_ALLOC_LockH
<LI><a href="#[243]">&gt;&gt;</a>&nbsp;&nbsp;&nbsp;GUI_ALLOC_AllocNoInit
<LI><a href="#[404]">&gt;&gt;</a>&nbsp;&nbsp;&nbsp;_SetBracketPairBC
<LI><a href="#[403]">&gt;&gt;</a>&nbsp;&nbsp;&nbsp;_IsPriorContextRANEN
<LI><a href="#[402]">&gt;&gt;</a>&nbsp;&nbsp;&nbsp;_IsPriorContextL
<LI><a href="#[3eb]">&gt;&gt;</a>&nbsp;&nbsp;&nbsp;_Free
</UL>
<BR>[Address Reference Count : 1]<UL><LI> GUI__BiDi2.o(.text._UBA_RuleDispatch)
</UL>
<P><STRONG><a name="[13c]"></a>_UBA_ResolveSeparators</STRONG> (Thumb, 326 bytes, Stack size unknown bytes, GUI__BiDi2.o(.text._UBA_ResolveSeparators))
<BR>[Address Reference Count : 1]<UL><LI> GUI__BiDi2.o(.text._UBA_RuleDispatch)
</UL>
<P><STRONG><a name="[13d]"></a>_UBA_ResolveTerminators</STRONG> (Thumb, 144 bytes, Stack size unknown bytes, GUI__BiDi2.o(.text._UBA_ResolveTerminators))
<BR>[Address Reference Count : 1]<UL><LI> GUI__BiDi2.o(.text._UBA_RuleDispatch)
</UL>
<P><STRONG><a name="[400]"></a>_UBA_RuleDispatch</STRONG> (Thumb, 196 bytes, Stack size unknown bytes, GUI__BiDi2.o(.text._UBA_RuleDispatch))
<BR><BR>[Called By]<UL><LI><a href="#[31b]">&gt;&gt;</a>&nbsp;&nbsp;&nbsp;_UBA
</UL>

<P><STRONG><a name="[328]"></a>_GetLigature</STRONG> (Thumb, 108 bytes, Stack size unknown bytes, GUI__Arabic.o(.text._GetLigature))
<BR><BR>[Called By]<UL><LI><a href="#[326]">&gt;&gt;</a>&nbsp;&nbsp;&nbsp;GUI__GetPresentationForm
</UL>

<P><STRONG><a name="[327]"></a>_GetTableIndex</STRONG> (Thumb, 118 bytes, Stack size unknown bytes, GUI__Arabic.o(.text._GetTableIndex))
<BR><BR>[Called By]<UL><LI><a href="#[326]">&gt;&gt;</a>&nbsp;&nbsp;&nbsp;GUI__GetPresentationForm
</UL>

<P><STRONG><a name="[2f3]"></a>_CreateBuffer</STRONG> (Thumb, 156 bytes, Stack size unknown bytes, GUI_SPRITE.o(.text._CreateBuffer))
<BR><BR>[Stack]<UL><LI>Max Depth = 8 + Unknown Stack Size
<LI>Call Chain = _CreateBuffer &rArr; GUI_ALLOC_AllocNoInit &rArr; _Alloc &rArr; _RemoveHoles &rArr; memmove
</UL>
<BR>[Calls]<UL><LI><a href="#[2ae]">&gt;&gt;</a>&nbsp;&nbsp;&nbsp;GUI_DEVICE__GetpDriver
<LI><a href="#[1d0]">&gt;&gt;</a>&nbsp;&nbsp;&nbsp;GUI_ALLOC_LockH
<LI><a href="#[243]">&gt;&gt;</a>&nbsp;&nbsp;&nbsp;GUI_ALLOC_AllocNoInit
<LI><a href="#[24b]">&gt;&gt;</a>&nbsp;&nbsp;&nbsp;GUI_ALLOC_GetMaxSize
</UL>
<BR>[Called By]<UL><LI><a href="#[261]">&gt;&gt;</a>&nbsp;&nbsp;&nbsp;GUI_SPRITE_SetPosition
</UL>

<P><STRONG><a name="[3f7]"></a>_FlushBuffer</STRONG> (Thumb, 140 bytes, Stack size unknown bytes, GUI_SPRITE.o(.text._FlushBuffer))
<BR><BR>[Calls]<UL><LI><a href="#[3e0]">&gt;&gt;</a>&nbsp;&nbsp;&nbsp;GUI__CompactPixelIndices
</UL>
<BR>[Called By]<UL><LI><a href="#[2f4]">&gt;&gt;</a>&nbsp;&nbsp;&nbsp;_SetBkIndexBuffered
<LI><a href="#[2f7]">&gt;&gt;</a>&nbsp;&nbsp;&nbsp;_ReleaseBuffer
</UL>

<P><STRONG><a name="[2f5]"></a>_GetBkIndex</STRONG> (Thumb, 118 bytes, Stack size unknown bytes, GUI_SPRITE.o(.text._GetBkIndex))
<BR><BR>[Calls]<UL><LI><a href="#[28e]">&gt;&gt;</a>&nbsp;&nbsp;&nbsp;GUI_GetBitmapPixelIndex
</UL>
<BR>[Called By]<UL><LI><a href="#[261]">&gt;&gt;</a>&nbsp;&nbsp;&nbsp;GUI_SPRITE_SetPosition
</UL>

<P><STRONG><a name="[2f6]"></a>_GetBkIndexAlpha</STRONG> (Thumb, 126 bytes, Stack size unknown bytes, GUI_SPRITE.o(.text._GetBkIndexAlpha))
<BR><BR>[Calls]<UL><LI><a href="#[28e]">&gt;&gt;</a>&nbsp;&nbsp;&nbsp;GUI_GetBitmapPixelIndex
</UL>
<BR>[Called By]<UL><LI><a href="#[261]">&gt;&gt;</a>&nbsp;&nbsp;&nbsp;GUI_SPRITE_SetPosition
</UL>

<P><STRONG><a name="[2f2]"></a>_GetDeviceRect</STRONG> (Thumb, 60 bytes, Stack size unknown bytes, GUI_SPRITE.o(.text._GetDeviceRect))
<BR><BR>[Calls]<UL><LI><a href="#[2b4]">&gt;&gt;</a>&nbsp;&nbsp;&nbsp;LCD_GetYSizeEx
<LI><a href="#[2b3]">&gt;&gt;</a>&nbsp;&nbsp;&nbsp;LCD_GetXSizeEx
</UL>
<BR>[Called By]<UL><LI><a href="#[261]">&gt;&gt;</a>&nbsp;&nbsp;&nbsp;GUI_SPRITE_SetPosition
</UL>

<P><STRONG><a name="[2f7]"></a>_ReleaseBuffer</STRONG> (Thumb, 32 bytes, Stack size unknown bytes, GUI_SPRITE.o(.text._ReleaseBuffer))
<BR><BR>[Calls]<UL><LI><a href="#[1d3]">&gt;&gt;</a>&nbsp;&nbsp;&nbsp;GUI_ALLOC_UnlockH
<LI><a href="#[246]">&gt;&gt;</a>&nbsp;&nbsp;&nbsp;GUI_ALLOC_Free
<LI><a href="#[3f7]">&gt;&gt;</a>&nbsp;&nbsp;&nbsp;_FlushBuffer
</UL>
<BR>[Called By]<UL><LI><a href="#[261]">&gt;&gt;</a>&nbsp;&nbsp;&nbsp;GUI_SPRITE_SetPosition
</UL>

<P><STRONG><a name="[2f4]"></a>_SetBkIndexBuffered</STRONG> (Thumb, 72 bytes, Stack size unknown bytes, GUI_SPRITE.o(.text._SetBkIndexBuffered))
<BR><BR>[Calls]<UL><LI><a href="#[3f7]">&gt;&gt;</a>&nbsp;&nbsp;&nbsp;_FlushBuffer
</UL>
<BR>[Called By]<UL><LI><a href="#[261]">&gt;&gt;</a>&nbsp;&nbsp;&nbsp;GUI_SPRITE_SetPosition
</UL>
<P>
<H3>
Undefined Global Symbols
</H3><HR></body></html>
