<html>
<body>
<pre>
<h1>µVision Build Log</h1>
<h2>Tool Versions:</h2>
IDE-Version: ¦ÌVision V5.29.0.0
Copyright (C) 2019 ARM Ltd and ARM Germany GmbH. All rights reserved.
License Information: A AA, AAA, LIC=Z3CX7-E1Y31-C05N2-9ET1L-I7FGA-NVRDT
 
Tool Versions:
Toolchain:       MDK-ARM Professional  Version: 5.29.0.0
Toolchain Path:  D:\Program Files\Keil_v5\ARM\ARMCLANG\Bin
C Compiler:      ArmClang.exe V6.13.1
Assembler:       Armasm.exe V6.13.1
Linker/Locator:  ArmLink.exe V6.13.1
Library Manager: ArmAr.exe V6.13.1
Hex Converter:   FromElf.exe V6.13.1
CPU DLL:         SARMCM3.DLL V5.29.0.0
Dialog DLL:      DCM.DLL V1.17.3.0
Target DLL:      Segger\JL2CM3.dll V2.99.36.0
Dialog DLL:      TCM.DLL V1.36.5.0
 
<h2>Project:</h2>
D:\FYF\GitHub\SDK_2.8.2_EVK-MIMXRT1060\boards\evkmimxrt1060\emwin_examples\emwin_slide_show\mdk\emwin_slide_show.uvprojx
Project File Date:  10/21/2020

<h2>Output:</h2>
*** Using Compiler 'V6.13.1', folder: 'D:\Program Files\Keil_v5\ARM\ARMCLANG\Bin'
Build target 'emwin_slide_show flexspi_nor_sdram_release'
compiling bmBell_40x40.c...
compiling bmRainy_45x34.c...
compiling bmNXP_110x44.c...
compiling Alarm.c...
compiling bmArrowLeft_23x24.c...
compiling bmArrowRight_23x24.c...
compiling bmSeggerLogo_110x55.c...
compiling Info.c...
compiling bmBell_60x60.c...
compiling Weather.c...
compiling emwin_slide_show.c...
compiling bmStormy_45x34.c...
compiling AA4_B_20.c...
compiling bmSunny_45x34.c...
compiling Font_13_R.c...
compiling AA4_B_40.c...
compiling AA4_B_100.c...
compiling dcd.c...
compiling board.c...
compiling pin_mux.c...
compiling clock_config.c...
compiling emwin_support.c...
compiling fsl_elcdif.c...
compiling fsl_common.c...
compiling fsl_gpt.c...
compiling fsl_pxp.c...
compiling system_MIMXRT1062.c...
compiling fsl_gpio.c...
compiling fsl_ft5406_rt.c...
compiling fsl_clock.c...
compiling fsl_debug_console.c...
compiling fsl_lpuart.c...
compiling fsl_lpi2c.c...
compiling lpuart_adapter.c...
compiling fsl_assert.c...
compiling fsl_str.c...
compiling serial_manager.c...
compiling serial_port_uart.c...
compiling fsl_flexspi_nor_boot.c...
compiling evkmimxrt1060_flexspi_nor_config.c...
compiling generic_list.c...
linking...
Program Size: Code=100322 RO-data=149514 RW-data=980 ZI-data=9433724  
FromELF: creating hex file...
"flexspi_nor_sdram_release\emwin_slide_show.out" - 0 Error(s), 0 Warning(s).

<h2>Software Packages used:</h2>

Package Vendor: NXP
                http://mcuxpresso.nxp.com/cmsis_pack/repo/NXP.MIMXRT1062_DFP.12.2.0.pack
                NXP.MIMXRT1062_DFP.12.2.0
                Device Family Pack for MIMXRT1062

<h2>Collection of Component include folders:</h2>
  .\RTE\_emwin_slide_show_flexspi_nor_sdram_release
  D:\Program Files\Keil_v5\ARM\PACK\NXP\MIMXRT1062_DFP\12.2.0

<h2>Collection of Component Files used:</h2>
Build Time Elapsed:  00:00:06
</pre>
</body>
</html>
